TELEM t=10163 lin=0.043 ang=0.056 L=-0.06 R=0.06 pan=90 rng=0.13 gz=-0.034 yaw=0.0 ovr=0 ph=0 esc=0
TELEM t=10404 lin=0.043 ang=0.056 L=-0.06 R=0.06 pan=90 rng=0.13 gz=1.357 yaw=11.0 ovr=0 ph=0 esc=0
TELEM t=10645 lin=0.046 ang=0.056 L=-0.06 R=0.06 pan=90 rng=0.16 gz=1.603 yaw=32.5 ovr=0 ph=0 esc=0
TELEM t=10889 lin=0.104 ang=0.056 L=0.15 R=0.06 pan=90 rng=0.34 gz=1.072 yaw=51.2 ovr=0 ph=0 esc=0
TELEM t=11132 lin=0.106 ang=0.056 L=0.15 R=0.06 pan=90 rng=0.35 gz=-0.653 yaw=42.7 ovr=0 ph=0 esc=0
TELEM t=11376 lin=0.097 ang=0.056 L=0.13 R=0.06 pan=90 rng=0.30 gz=-0.584 yaw=35.1 ovr=0 ph=0 esc=0
TELEM t=11619 lin=0.000 ang=0.000 L=0.00 R=0.00 pan=0 rng=0.09 gz=-0.649 yaw=31.5 ovr=1 ph=2 esc=1
TELEM t=11858 lin=0.000 ang=0.000 L=0.00 R=0.00 pan=0 rng=2.23 gz=0.265 yaw=31.5 ovr=1 ph=1 esc=1
TELEM t=12110 lin=0.000 ang=0.000 L=0.00 R=0.00 pan=30 rng=2.23 gz=-0.067 yaw=31.5 ovr=1 ph=2 esc=1
TELEM t=12349 lin=0.000 ang=0.000 L=0.00 R=0.00 pan=60 rng=0.05 gz=-0.037 yaw=31.5 ovr=1 ph=2 esc=1
TELEM t=12589 lin=0.000 ang=0.000 L=0.00 R=0.00 pan=60 rng=0.03 gz=-0.033 yaw=31.5 ovr=1 ph=1 esc=1
TELEM t=12829 lin=0.000 ang=0.000 L=0.00 R=0.00 pan=90 rng=0.03 gz=-0.048 yaw=31.5 ovr=1 ph=2 esc=1
TELEM t=13068 lin=0.000 ang=0.000 L=0.00 R=0.00 pan=120 rng=0.03 gz=-0.028 yaw=31.5 ovr=1 ph=2 esc=1
TELEM t=13318 lin=0.000 ang=0.000 L=0.00 R=0.00 pan=120 rng=0.25 gz=-0.040 yaw=31.5 ovr=1 ph=1 esc=1
TELEM t=13810 lin=0.000 ang=0.000 L=0.00 R=0.00 pan=180 rng=0.25 gz=-0.355 yaw=31.5 ovr=1 ph=2 esc=1
TELEM t=14050 lin=0.000 ang=0.000 L=0.00 R=0.00 pan=90 rng=0.25 gz=-0.033 yaw=31.5 ovr=1 ph=3 esc=1
TELEM t=14300 lin=-0.280 ang=0.060 L=-0.22 R=-0.34 pan=90 rng=0.25 gz=0.182 yaw=31.5 ovr=1 ph=3 esc=1
TELEM t=14550 lin=-0.280 ang=0.060 L=-0.22 R=-0.34 pan=90 rng=0.25 gz=-0.471 yaw=31.5 ovr=1 ph=3 esc=1
TELEM t=14800 lin=0.117 ang=0.220 L=0.12 R=0.00 pan=90 rng=0.25 gz=-0.280 yaw=31.5 ovr=1 ph=4 esc=1
TELEM t=15039 lin=0.117 ang=0.220 L=0.17 R=0.06 pan=90 rng=0.25 gz=-0.636 yaw=31.5 ovr=1 ph=4 esc=1
TELEM t=15300 lin=0.117 ang=0.220 L=0.17 R=0.06 pan=90 rng=0.25 gz=-0.871 yaw=31.5 ovr=1 ph=4 esc=1
TELEM t=15539 lin=0.117 ang=0.220 L=0.17 R=0.06 pan=90 rng=0.25 gz=-0.783 yaw=31.5 ovr=1 ph=4 esc=1
TELEM t=15743 lin=0.117 ang=0.220 L=0.17 R=0.06 pan=90 rng=0.25 gz=-0.694 yaw=31.5 ovr=1 ph=4 esc=1
TELEM t=15982 lin=0.117 ang=0.220 L=0.17 R=0.06 pan=90 rng=0.25 gz=-0.689 yaw=31.5 ovr=1 ph=4 esc=1
TELEM t=16221 lin=0.117 ang=0.220 L=0.17 R=0.06 pan=90 rng=0.25 gz=-0.656 yaw=31.5 ovr=1 ph=4 esc=1
TELEM t=16433 lin=0.260 ang=0.077 L=0.34 R=0.18 pan=90 rng=2.26 gz=-0.427 yaw=31.5 ovr=1 ph=5 esc=1
TELEM t=16637 lin=0.260 ang=0.077 L=0.34 R=0.18 pan=90 rng=1.76 gz=-0.856 yaw=31.5 ovr=1 ph=5 esc=1
TELEM t=16894 lin=0.260 ang=0.077 L=0.34 R=0.18 pan=90 rng=1.70 gz=-0.902 yaw=31.5 ovr=1 ph=5 esc=1
TELEM t=17134 lin=0.260 ang=0.077 L=0.34 R=0.18 pan=90 rng=1.57 gz=-0.980 yaw=31.5 ovr=1 ph=6 esc=1
TELEM t=17336 lin=0.000 ang=0.000 L=0.00 R=0.00 pan=90 rng=1.57 gz=-0.809 yaw=31.5 ovr=1 ph=6 esc=1
TELEM t=17575 lin=0.000 ang=0.000 L=0.00 R=0.00 pan=90 rng=1.57 gz=-0.569 yaw=31.5 ovr=1 ph=6 esc=1
TELEM t=17825 lin=0.000 ang=0.000 L=0.00 R=0.00 pan=90 rng=1.57 gz=-0.119 yaw=31.5 ovr=1 ph=6 esc=1
TELEM t=18075 lin=0.000 ang=0.000 L=0.00 R=0.00 pan=90 rng=1.57 gz=-0.034 yaw=31.5 ovr=1 ph=6 esc=1
TELEM t=18314 lin=0.000 ang=0.000 L=0.00 R=0.00 pan=90 rng=1.57 gz=-0.033 yaw=31.5 ovr=1 ph=6 esc=1
TELEM t=18516 lin=0.145 ang=-0.023 L=0.12 R=0.17 pan=90 rng=1.46 gz=-0.046 yaw=31.5 ovr=0 ph=0 esc=0
TELEM t=18772 lin=0.145 ang=-0.023 L=0.12 R=0.17 pan=90 rng=1.45 gz=-0.023 yaw=31.8 ovr=0 ph=0 esc=0
TELEM t=19069 lin=0.145 ang=-0.023 L=0.12 R=0.17 pan=90 rng=1.36 gz=0.004 yaw=32.7 ovr=0 ph=0 esc=0
TELEM t=19279 lin=0.145 ang=-0.023 L=0.12 R=0.17 pan=90 rng=1.31 gz=0.090 yaw=34.1 ovr=0 ph=0 esc=0
TELEM t=19532 lin=0.145 ang=-0.023 L=0.12 R=0.17 pan=90 rng=1.25 gz=0.134 yaw=35.8 ovr=0 ph=0 esc=0
TELEM t=19785 lin=0.145 ang=-0.023 L=0.12 R=0.17 pan=90 rng=1.20 gz=0.075 yaw=38.4 ovr=0 ph=0 esc=0
TELEM t=20038 lin=0.145 ang=-0.023 L=0.12 R=0.17 pan=90 rng=1.12 gz=0.052 yaw=40.1 ovr=0 ph=0 esc=0
TELEM t=20289 lin=0.145 ang=-0.023 L=0.12 R=0.17 pan=90 rng=1.06 gz=0.098 yaw=41.8 ovr=0 ph=0 esc=0
TELEM t=20549 lin=0.145 ang=-0.023 L=0.12 R=0.17 pan=90 rng=1.01 gz=0.053 yaw=43.2 ovr=0 ph=0 esc=0
TELEM t=20776 lin=0.145 ang=-0.023 L=0.12 R=0.17 pan=90 rng=0.94 gz=0.128 yaw=44.5 ovr=0 ph=0 esc=0
TELEM t=21014 lin=0.145 ang=-0.023 L=0.12 R=0.17 pan=90 rng=0.88 gz=0.084 yaw=46.6 ovr=0 ph=0 esc=0
TELEM t=21275 lin=0.145 ang=-0.023 L=0.12 R=0.17 pan=90 rng=0.82 gz=0.179 yaw=49.1 ovr=0 ph=0 esc=0
TELEM t=21524 lin=0.145 ang=-0.023 L=0.12 R=0.17 pan=90 rng=0.77 gz=0.070 yaw=50.5 ovr=0 ph=0 esc=0
TELEM t=21773 lin=0.145 ang=-0.023 L=0.12 R=0.17 pan=90 rng=0.71 gz=0.071 yaw=51.4 ovr=0 ph=0 esc=0
TELEM t=22010 lin=0.202 ang=0.043 L=0.25 R=0.16 pan=90 rng=0.70 gz=-0.375 yaw=52.0 ovr=0 ph=0 esc=0
TELEM t=22211 lin=0.202 ang=0.043 L=0.25 R=0.16 pan=90 rng=0.66 gz=-0.515 yaw=47.0 ovr=0 ph=0 esc=0
TELEM t=22515 lin=0.202 ang=0.043 L=0.25 R=0.16 pan=90 rng=0.55 gz=-0.574 yaw=37.6 ovr=0 ph=0 esc=0
TELEM t=22739 lin=0.185 ang=0.043 L=0.23 R=0.14 pan=90 rng=0.48 gz=-0.628 yaw=30.2 ovr=0 ph=0 esc=0
TELEM t=22969 lin=0.202 ang=0.043 L=0.25 R=0.16 pan=90 rng=1.62 gz=-0.605 yaw=22.2 ovr=0 ph=0 esc=0
TELEM t=23206 lin=0.202 ang=0.043 L=0.25 R=0.16 pan=90 rng=0.82 gz=-0.585 yaw=14.4 ovr=0 ph=0 esc=0
TELEM t=23409 lin=0.202 ang=0.043 L=0.25 R=0.16 pan=90 rng=0.82 gz=-0.546 yaw=7.9 ovr=0 ph=0 esc=0
TELEM t=23652 lin=0.202 ang=0.043 L=0.25 R=0.16 pan=90 rng=0.73 gz=-0.566 yaw=0.8 ovr=0 ph=0 esc=0
TELEM t=23912 lin=0.192 ang=0.043 L=0.23 R=0.15 pan=90 rng=0.51 gz=-0.552 yaw=-7.4 ovr=0 ph=0 esc=0
TELEM t=24158 lin=0.202 ang=0.043 L=0.25 R=0.16 pan=90 rng=0.59 gz=-0.656 yaw=-15.7 ovr=0 ph=0 esc=0
TELEM t=24399 lin=0.202 ang=0.043 L=0.25 R=0.16 pan=72 rng=0.59 gz=-0.632 yaw=-23.8 ovr=0 ph=0 esc=0
TELEM t=24639 lin=0.202 ang=0.043 L=0.25 R=0.16 pan=65 rng=0.59 gz=-0.517 yaw=-30.5 ovr=0 ph=0 esc=0
TELEM t=24904 lin=0.170 ang=0.043 L=0.21 R=0.13 pan=71 rng=0.42 gz=-0.514 yaw=-37.8 ovr=0 ph=0 esc=0
TELEM t=25166 lin=0.143 ang=0.043 L=0.19 R=0.10 pan=90 rng=0.32 gz=-0.538 yaw=-45.0 ovr=0 ph=0 esc=0
TELEM t=25410 lin=0.129 ang=0.043 L=0.17 R=0.09 pan=90 rng=0.27 gz=-0.396 yaw=-50.8 ovr=0 ph=0 esc=0
TELEM t=25670 lin=0.202 ang=0.043 L=0.25 R=0.16 pan=90 rng=1.33 gz=-0.532 yaw=-56.6 ovr=0 ph=0 esc=0
TELEM t=25904 lin=0.174 ang=-0.019 L=0.06 R=0.29 pan=90 rng=1.27 gz=-0.359 yaw=-62.4 ovr=0 ph=0 esc=0
TELEM t=26136 lin=0.174 ang=-0.019 L=0.19 R=0.16 pan=90 rng=1.21 gz=0.112 yaw=-60.0 ovr=0 ph=0 esc=0
TELEM t=26369 lin=0.174 ang=-0.019 L=0.33 R=0.02 pan=90 rng=1.21 gz=-0.035 yaw=-54.2 ovr=0 ph=0 esc=0
TELEM t=26601 lin=0.174 ang=-0.019 L=0.28 R=0.06 pan=90 rng=1.20 gz=-0.409 yaw=-58.2 ovr=0 ph=0 esc=0
TELEM t=26833 lin=0.174 ang=-0.019 L=0.32 R=0.03 pan=90 rng=1.21 gz=-0.037 yaw=-57.6 ovr=0 ph=0 esc=0
TELEM t=27076 lin=0.174 ang=-0.019 L=0.31 R=0.04 pan=90 rng=1.21 gz=-0.080 yaw=-57.6 ovr=0 ph=0 esc=0
TELEM t=27284 lin=0.174 ang=-0.019 L=0.32 R=0.03 pan=90 rng=1.20 gz=-0.025 yaw=-57.5 ovr=0 ph=0 esc=0
TELEM t=27538 lin=0.174 ang=-0.019 L=0.32 R=0.03 pan=90 rng=1.20 gz=-0.034 yaw=-57.4 ovr=0 ph=0 esc=0
TELEM t=27809 lin=0.174 ang=-0.019 L=0.32 R=0.03 pan=90 rng=1.20 gz=-0.043 yaw=-57.5 ovr=0 ph=0 esc=0
TELEM t=28063 lin=0.174 ang=-0.019 L=0.32 R=0.03 pan=90 rng=1.20 gz=-0.031 yaw=-57.5 ovr=0 ph=0 esc=0
TELEM t=28293 lin=0.174 ang=-0.019 L=0.32 R=0.03 pan=90 rng=1.21 gz=-0.030 yaw=-57.5 ovr=0 ph=0 esc=0
TELEM t=28558 lin=0.174 ang=-0.019 L=0.33 R=0.02 pan=90 rng=1.20 gz=-0.029 yaw=-57.4 ovr=0 ph=0 esc=0
TELEM t=28807 lin=0.174 ang=-0.019 L=0.32 R=0.02 pan=90 rng=1.22 gz=-0.031 yaw=-57.4 ovr=0 ph=0 esc=0
TELEM t=29061 lin=0.174 ang=-0.019 L=0.33 R=0.02 pan=90 rng=1.21 gz=-0.034 yaw=-57.4 ovr=0 ph=0 esc=0
TELEM t=29304 lin=0.174 ang=-0.019 L=0.33 R=0.02 pan=90 rng=1.22 gz=-0.031 yaw=-57.3 ovr=0 ph=0 esc=0
TELEM t=29512 lin=0.174 ang=-0.019 L=0.33 R=0.02 pan=90 rng=1.20 gz=-0.038 yaw=-57.3 ovr=0 ph=0 esc=0
TELEM t=29766 lin=0.174 ang=-0.019 L=0.32 R=0.02 pan=90 rng=1.20 gz=-0.051 yaw=-57.4 ovr=0 ph=0 esc=0
TELEM t=29990 lin=0.174 ang=-0.019 L=0.32 R=0.03 pan=90 rng=1.20 gz=-0.037 yaw=-57.4 ovr=0 ph=0 esc=0
TELEM t=30190 lin=0.174 ang=-0.019 L=0.32 R=0.03 pan=90 rng=1.20 gz=-0.043 yaw=-57.5 ovr=0 ph=0 esc=0
TELEM t=30456 lin=0.174 ang=-0.019 L=0.32 R=0.03 pan=90 rng=1.19 gz=-0.041 yaw=-57.4 ovr=0 ph=0 esc=0
TELEM t=30721 lin=0.150 ang=0.017 L=0.30 R=0.00 pan=90 rng=1.22 gz=-0.034 yaw=-57.4 ovr=0 ph=0 esc=0
TELEM t=30975 lin=0.150 ang=0.017 L=0.30 R=0.00 pan=90 rng=1.21 gz=-0.034 yaw=-57.4 ovr=0 ph=0 esc=0
TELEM t=31229 lin=0.150 ang=0.017 L=0.30 R=0.00 pan=90 rng=1.21 gz=-0.027 yaw=-57.4 ovr=0 ph=0 esc=0
TELEM t=31470 lin=0.150 ang=0.017 L=0.30 R=0.01 pan=90 rng=1.22 gz=-0.041 yaw=-57.5 ovr=0 ph=0 esc=0
TELEM t=31724 lin=0.150 ang=0.017 L=0.29 R=0.01 pan=90 rng=1.21 gz=-0.045 yaw=-57.5 ovr=0 ph=0 esc=0
TELEM t=31989 lin=0.150 ang=0.017 L=0.29 R=0.01 pan=90 rng=1.21 gz=-0.039 yaw=-57.6 ovr=0 ph=0 esc=0
TELEM t=32190 lin=0.150 ang=0.017 L=0.29 R=0.01 pan=96 rng=1.21 gz=-0.031 yaw=-57.5 ovr=0 ph=0 esc=0
TELEM t=32452 lin=0.150 ang=0.017 L=0.29 R=0.01 pan=115 rng=1.21 gz=-0.030 yaw=-57.5 ovr=0 ph=0 esc=0
TELEM t=32675 lin=0.150 ang=0.017 L=0.29 R=0.01 pan=109 rng=1.20 gz=-0.031 yaw=-57.5 ovr=0 ph=0 esc=0
TELEM t=32926 lin=0.150 ang=0.017 L=0.30 R=0.00 pan=91 rng=1.20 gz=-0.030 yaw=-57.5 ovr=0 ph=0 esc=0
TELEM t=33172 lin=0.150 ang=0.017 L=0.30 R=0.00 pan=90 rng=1.19 gz=-0.031 yaw=-57.5 ovr=0 ph=0 esc=0
TELEM t=33379 lin=0.150 ang=0.017 L=0.30 R=0.00 pan=90 rng=1.21 gz=-0.035 yaw=-57.4 ovr=0 ph=0 esc=0
TELEM t=33600 lin=0.150 ang=0.017 L=0.30 R=0.00 pan=90 rng=1.21 gz=-0.036 yaw=-57.4 ovr=0 ph=0 esc=0
TELEM t=33801 lin=0.150 ang=0.017 L=0.30 R=0.00 pan=90 rng=1.20 gz=-0.036 yaw=-57.4 ovr=0 ph=0 esc=0
TELEM t=34056 lin=0.150 ang=0.017 L=0.30 R=-0.30 pan=90 rng=1.19 gz=-0.028 yaw=-57.4 ovr=0 ph=0 esc=0
TELEM t=34310 lin=0.150 ang=0.017 L=0.25 R=-0.25 pan=90 rng=1.24 gz=3.176 yaw=-55.5 ovr=0 ph=0 esc=0
TELEM t=34565 lin=0.150 ang=0.017 L=-0.19 R=0.19 pan=90 rng=1.22 gz=1.456 yaw=-63.5 ovr=0 ph=0 esc=0
TELEM t=34820 lin=0.150 ang=0.017 L=0.13 R=-0.13 pan=90 rng=1.20 gz=-2.288 yaw=-61.1 ovr=0 ph=0 esc=0
TELEM t=35075 lin=0.150 ang=0.017 L=-0.25 R=0.25 pan=90 rng=1.25 gz=1.889 yaw=-65.5 ovr=0 ph=0 esc=0
TELEM t=35330 lin=0.150 ang=0.017 L=0.19 R=-0.19 pan=90 rng=1.20 gz=-2.755 yaw=-60.8 ovr=0 ph=0 esc=0
TELEM t=35591 lin=0.150 ang=0.017 L=-0.31 R=0.31 pan=90 rng=1.24 gz=2.514 yaw=-64.1 ovr=0 ph=0 esc=0
TELEM t=35846 lin=0.150 ang=0.017 L=0.30 R=-0.30 pan=90 rng=1.19 gz=-3.016 yaw=-57.3 ovr=0 ph=0 esc=0
TELEM t=36101 lin=0.150 ang=0.017 L=-0.31 R=0.31 pan=90 rng=2.23 gz=3.051 yaw=-64.5 ovr=0 ph=0 esc=0
TELEM t=36372 lin=0.000 ang=0.000 L=0.00 R=0.00 pan=90 rng=1.21 gz=-0.042 yaw=-64.5 ovr=0 ph=0 esc=0
TELEM t=36627 lin=0.000 ang=0.000 L=0.00 R=0.00 pan=90 rng=1.21 gz=-0.036 yaw=-64.5 ovr=0 ph=0 esc=0
TELEM t=36880 lin=0.000 ang=0.000 L=0.00 R=0.00 pan=90 rng=1.20 gz=-0.031 yaw=-64.5 ovr=0 ph=0 esc=0
TELEM t=37134 lin=0.000 ang=0.000 L=0.00 R=0.00 pan=90 rng=1.20 gz=-0.036 yaw=-64.5 ovr=0 ph=0 esc=0
TELEM t=37375 lin=0.000 ang=0.000 L=0.00 R=0.00 pan=90 rng=1.20 gz=-0.032 yaw=-64.5 ovr=0 ph=0 esc=0
TELEM t=37616 lin=0.000 ang=0.000 L=0.00 R=0.00 pan=90 rng=1.21 gz=-0.037 yaw=-64.5 ovr=0 ph=0 esc=0
TELEM t=37880 lin=0.000 ang=0.000 L=0.00 R=0.00 pan=90 rng=1.21 gz=-0.034 yaw=-64.5 ovr=0 ph=0 esc=0
TELEM t=38133 lin=0.000 ang=0.000 L=0.00 R=0.00 pan=90 rng=1.21 gz=-0.035 yaw=-64.5 ovr=0 ph=0 esc=0
TELEM t=38341 lin=0.000 ang=0.000 L=0.00 R=0.00 pan=90 rng=1.20 gz=-0.034 yaw=-64.5 ovr=0 ph=0 esc=0
TELEM t=38562 lin=0.000 ang=0.000 L=0.00 R=0.00 pan=90 rng=1.21 gz=-0.035 yaw=-64.5 ovr=0 ph=0 esc=0
TELEM t=38762 lin=0.000 ang=0.000 L=0.00 R=0.00 pan=90 rng=1.21 gz=-0.036 yaw=-64.5 ovr=0 ph=0 esc=0
TELEM t=39016 lin=0.000 ang=0.000 L=0.00 R=0.00 pan=90 rng=1.20 gz=-0.033 yaw=-64.5 ovr=0 ph=0 esc=0
TELEM t=39270 lin=0.000 ang=0.000 L=0.00 R=0.00 pan=90 rng=1.21 gz=-0.033 yaw=-64.5 ovr=0 ph=0 esc=0
TELEM t=39473 lin=0.000 ang=0.000 L=0.00 R=0.00 pan=90 rng=1.21 gz=-0.037 yaw=-64.5 ovr=0 ph=0 esc=0
TELEM t=39673 lin=0.000 ang=0.000 L=0.00 R=0.00 pan=90 rng=1.21 gz=-0.038 yaw=-64.5 ovr=0 ph=0 esc=0
TELEM t=39927 lin=0.000 ang=0.000 L=0.00 R=0.00 pan=90 rng=1.21 gz=-0.034 yaw=-64.5 ovr=0 ph=0 esc=0
TELEM t=40181 lin=0.218 ang=0.020 L=0.22 R=0.22 pan=84 rng=1.21 gz=-0.043 yaw=-64.5 ovr=0 ph=0 esc=0
TELEM t=40422 lin=0.218 ang=0.020 L=0.30 R=0.14 pan=72 rng=1.21 gz=0.009 yaw=-62.9 ovr=0 ph=0 esc=0
TELEM t=40662 lin=0.218 ang=0.020 L=0.30 R=0.14 pan=65 rng=1.21 gz=-0.047 yaw=-63.0 ovr=0 ph=0 esc=0
TELEM t=40915 lin=0.218 ang=0.020 L=0.30 R=0.14 pan=77 rng=2.23 gz=-0.041 yaw=-63.0 ovr=0 ph=0 esc=0
TELEM t=41650 lin=0.218 ang=0.020 L=0.30 R=0.14 pan=90 rng=1.19 gz=-0.039 yaw=-63.0 ovr=0 ph=0 esc=0
TELEM t=41904 lin=0.218 ang=0.020 L=0.30 R=0.14 pan=90 rng=1.20 gz=-0.038 yaw=-63.0 ovr=0 ph=0 esc=0
TELEM t=42169 lin=0.218 ang=0.020 L=0.30 R=0.14 pan=90 rng=1.19 gz=-0.045 yaw=-63.0 ovr=0 ph=0 esc=0
TELEM t=42434 lin=0.218 ang=0.020 L=0.30 R=0.14 pan=90 rng=1.20 gz=-0.030 yaw=-63.0 ovr=0 ph=0 esc=0
TELEM t=42699 lin=0.218 ang=0.020 L=0.30 R=0.14 pan=90 rng=1.19 gz=-0.029 yaw=-63.0 ovr=0 ph=0 esc=0
TELEM t=42940 lin=0.218 ang=0.020 L=0.30 R=0.14 pan=90 rng=1.20 gz=-0.037 yaw=-63.0 ovr=0 ph=0 esc=0
TELEM t=43194 lin=0.218 ang=0.020 L=0.30 R=0.14 pan=90 rng=1.20 gz=-0.028 yaw=-63.0 ovr=0 ph=0 esc=0
TELEM t=43459 lin=0.218 ang=0.020 L=0.30 R=0.14 pan=90 rng=1.19 gz=-0.034 yaw=-62.9 ovr=0 ph=0 esc=0
TELEM t=43713 lin=0.218 ang=0.020 L=0.30 R=0.14 pan=90 rng=1.20 gz=-0.040 yaw=-62.9 ovr=0 ph=0 esc=0
TELEM t=43967 lin=0.218 ang=0.020 L=0.30 R=0.14 pan=90 rng=1.20 gz=-0.038 yaw=-62.9 ovr=0 ph=0 esc=0
TELEM t=44208 lin=0.218 ang=0.020 L=0.30 R=0.14 pan=90 rng=1.20 gz=-0.040 yaw=-63.0 ovr=0 ph=0 esc=0
TELEM t=44416 lin=0.218 ang=0.020 L=0.30 R=0.14 pan=90 rng=1.19 gz=-0.026 yaw=-62.9 ovr=0 ph=0 esc=0
TELEM t=44639 lin=0.218 ang=0.020 L=0.30 R=0.14 pan=90 rng=1.20 gz=-0.033 yaw=-62.9 ovr=0 ph=0 esc=0
TELEM t=44868 lin=0.218 ang=0.020 L=0.30 R=0.14 pan=90 rng=1.20 gz=-0.034 yaw=-62.9 ovr=0 ph=0 esc=0
TELEM t=45079 lin=0.218 ang=0.020 L=0.30 R=0.14 pan=90 rng=1.19 gz=-0.039 yaw=-63.0 ovr=0 ph=0 esc=0
TELEM t=45344 lin=0.218 ang=0.020 L=0.30 R=0.14 pan=90 rng=1.20 gz=-0.039 yaw=-63.0 ovr=0 ph=0 esc=0
TELEM t=45828 lin=0.218 ang=0.020 L=0.30 R=0.14 pan=90 rng=1.19 gz=-0.031 yaw=-62.9 ovr=0 ph=0 esc=0
TELEM t=46082 lin=0.215 ang=0.030 L=0.24 R=0.19 pan=90 rng=1.20 gz=-0.043 yaw=-62.9 ovr=0 ph=0 esc=0
TELEM t=46324 lin=0.215 ang=0.030 L=0.24 R=0.19 pan=90 rng=1.20 gz=-0.029 yaw=-62.9 ovr=0 ph=0 esc=0
TELEM t=46543 lin=0.215 ang=0.030 L=0.24 R=0.19 pan=90 rng=1.19 gz=-0.034 yaw=-62.9 ovr=0 ph=0 esc=0
TELEM t=46826 lin=0.215 ang=0.030 L=0.24 R=0.19 pan=90 rng=1.20 gz=-0.035 yaw=-62.9 ovr=0 ph=0 esc=0
TELEM t=47052 lin=0.215 ang=0.030 L=0.24 R=0.19 pan=102 rng=1.20 gz=-0.031 yaw=-62.9 ovr=0 ph=0 esc=0
TELEM t=47292 lin=0.215 ang=0.030 L=0.24 R=0.19 pan=114 rng=1.20 gz=-0.037 yaw=-62.9 ovr=0 ph=0 esc=0
TELEM t=47538 lin=0.215 ang=0.030 L=0.24 R=0.19 pan=109 rng=1.19 gz=-0.034 yaw=-62.8 ovr=0 ph=0 esc=0
TELEM t=47777 lin=0.215 ang=0.030 L=0.24 R=0.19 pan=97 rng=1.19 gz=-0.037 yaw=-62.9 ovr=0 ph=0 esc=0
TELEM t=48024 lin=0.215 ang=0.030 L=0.24 R=0.19 pan=90 rng=1.19 gz=-0.036 yaw=-62.9 ovr=0 ph=0 esc=0
TELEM t=48231 lin=0.215 ang=0.030 L=0.24 R=0.19 pan=90 rng=1.20 gz=-0.037 yaw=-62.9 ovr=0 ph=0 esc=0
TELEM t=48492 lin=0.215 ang=0.030 L=0.24 R=0.19 pan=90 rng=1.20 gz=-0.037 yaw=-62.9 ovr=0 ph=0 esc=0
TELEM t=48757 lin=0.215 ang=0.030 L=0.24 R=0.19 pan=90 rng=1.19 gz=-0.041 yaw=-63.0 ovr=0 ph=0 esc=0
TELEM t=49033 lin=0.215 ang=0.030 L=0.24 R=0.19 pan=90 rng=1.19 gz=-0.033 yaw=-63.0 ovr=0 ph=0 esc=0
TELEM t=49265 lin=0.215 ang=0.030 L=0.24 R=0.19 pan=90 rng=1.20 gz=-0.041 yaw=-63.0 ovr=0 ph=0 esc=0
TELEM t=49497 lin=0.193 ang=-0.071 L=0.12 R=0.26 pan=90 rng=1.20 gz=-0.033 yaw=-63.0 ovr=0 ph=0 esc=0
TELEM t=49730 lin=0.193 ang=-0.071 L=0.12 R=0.26 pan=90 rng=1.19 gz=-0.023 yaw=-62.6 ovr=0 ph=0 esc=0
TELEM t=49938 lin=0.193 ang=-0.071 L=0.12 R=0.26 pan=90 rng=1.20 gz=-0.009 yaw=-62.3 ovr=0 ph=0 esc=0
TELEM t=50177 lin=0.193 ang=-0.071 L=0.12 R=0.26 pan=90 rng=1.19 gz=-0.029 yaw=-62.0 ovr=0 ph=0 esc=0
TELEM t=50431 lin=0.000 ang=0.000 L=0.00 R=0.00 pan=90 rng=1.19 gz=-0.021 yaw=-61.1 ovr=0 ph=0 esc=0
TELEM t=50685 lin=0.000 ang=0.000 L=0.00 R=0.00 pan=90 rng=1.20 gz=-0.037 yaw=-61.1 ovr=0 ph=0 esc=0
TELEM t=50939 lin=0.000 ang=0.000 L=0.00 R=0.00 pan=90 rng=1.20 gz=-0.037 yaw=-61.1 ovr=0 ph=0 esc=0
TELEM t=51193 lin=0.000 ang=0.000 L=0.00 R=0.00 pan=90 rng=1.19 gz=-0.033 yaw=-61.1 ovr=0 ph=0 esc=0
TELEM t=51416 lin=0.000 ang=0.000 L=0.00 R=0.00 pan=90 rng=1.19 gz=-0.036 yaw=-61.1 ovr=0 ph=0 esc=0
TELEM t=51617 lin=0.000 ang=0.000 L=0.00 R=0.00 pan=90 rng=1.20 gz=-0.035 yaw=-61.1 ovr=0 ph=0 esc=0
TELEM t=51871 lin=0.000 ang=0.000 L=0.00 R=0.00 pan=90 rng=1.20 gz=-0.035 yaw=-61.1 ovr=0 ph=0 esc=0
TELEM t=52112 lin=0.000 ang=0.000 L=0.00 R=0.00 pan=90 rng=1.20 gz=-0.034 yaw=-61.1 ovr=0 ph=0 esc=0
TELEM t=52366 lin=0.000 ang=0.000 L=0.00 R=0.00 pan=90 rng=1.20 gz=-0.035 yaw=-61.1 ovr=0 ph=0 esc=0
TELEM t=52631 lin=0.000 ang=0.000 L=0.00 R=0.00 pan=90 rng=1.20 gz=-0.037 yaw=-61.1 ovr=0 ph=0 esc=0
TELEM t=52834 lin=0.000 ang=0.000 L=0.00 R=0.00 pan=90 rng=1.20 gz=-0.035 yaw=-61.1 ovr=0 ph=0 esc=0
TELEM t=53034 lin=0.000 ang=0.000 L=0.00 R=0.00 pan=90 rng=1.20 gz=-0.034 yaw=-61.1 ovr=0 ph=0 esc=0
TELEM t=53299 lin=0.000 ang=0.000 L=0.00 R=0.00 pan=90 rng=1.20 gz=-0.036 yaw=-61.1 ovr=0 ph=0 esc=0
TELEM t=53529 lin=0.000 ang=0.000 L=0.00 R=0.00 pan=90 rng=1.20 gz=-0.035 yaw=-61.1 ovr=0 ph=0 esc=0
TELEM t=53732 lin=0.000 ang=0.000 L=0.00 R=0.00 pan=90 rng=1.20 gz=-0.038 yaw=-61.1 ovr=0 ph=0 esc=0
TELEM t=53972 lin=0.000 ang=0.000 L=0.00 R=0.00 pan=90 rng=1.19 gz=-0.035 yaw=-61.1 ovr=0 ph=0 esc=0
TELEM t=54172 lin=0.000 ang=0.000 L=0.00 R=0.00 pan=90 rng=1.19 gz=-0.036 yaw=-61.1 ovr=0 ph=0 esc=0
TELEM t=54402 lin=0.181 ang=-0.039 L=0.12 R=0.12 pan=90 rng=1.21 gz=-0.034 yaw=-61.1 ovr=0 ph=0 esc=0
TELEM t=54649 lin=0.181 ang=-0.039 L=0.14 R=0.22 pan=72 rng=1.21 gz=-0.032 yaw=-61.1 ovr=0 ph=0 esc=0
TELEM t=54890 lin=0.000 ang=0.000 L=0.00 R=0.00 pan=90 rng=1.20 gz=-0.096 yaw=-61.1 ovr=0 ph=0 esc=0
