TELEM t=26102 lin=0.145 ang=-0.009 L=0.12 R=0.12 pan=90 rng=2.31 gz=-0.036 yaw=-0.0 ovr=0 ph=0 esc=0
TELEM t=26320 lin=0.145 ang=-0.009 L=0.14 R=0.14 pan=90 rng=2.29 gz=0.577 yaw=-0.0 ovr=0 ph=0 esc=0
TELEM t=26523 lin=0.145 ang=-0.009 L=-0.20 R=0.20 pan=90 rng=2.26 gz=-3.204 yaw=-20.2 ovr=0 ph=0 esc=0
TELEM t=26789 lin=0.145 ang=-0.009 L=0.14 R=-0.14 pan=90 rng=1.35 gz=3.115 yaw=26.2 ovr=0 ph=0 esc=0
TELEM t=27044 lin=0.145 ang=-0.009 L=-0.08 R=0.08 pan=90 rng=2.26 gz=-3.948 yaw=-18.4 ovr=0 ph=0 esc=0
TELEM t=27311 lin=0.145 ang=-0.009 L=0.20 R=-0.20 pan=90 rng=2.32 gz=3.080 yaw=16.2 ovr=0 ph=0 esc=0
TELEM t=27574 lin=0.145 ang=-0.009 L=0.05 R=-0.05 pan=90 rng=2.39 gz=2.646 yaw=11.9 ovr=0 ph=0 esc=0
TELEM t=27841 lin=0.145 ang=-0.009 L=-0.12 R=0.12 pan=90 rng=2.26 gz=-1.488 yaw=-11.4 ovr=0 ph=0 esc=0
TELEM t=28374 lin=0.145 ang=-0.009 L=-0.06 R=0.06 pan=90 rng=2.27 gz=-1.796 yaw=-8.2 ovr=0 ph=0 esc=0
TELEM t=28640 lin=0.145 ang=-0.009 L=-0.06 R=0.06 pan=90 rng=2.31 gz=-1.674 yaw=-7.6 ovr=0 ph=0 esc=0
TELEM t=28907 lin=0.145 ang=-0.009 L=-0.06 R=0.06 pan=90 rng=2.27 gz=-2.324 yaw=-11.6 ovr=0 ph=0 esc=0
TELEM t=29173 lin=0.145 ang=-0.009 L=0.12 R=-0.12 pan=90 rng=1.59 gz=1.135 yaw=11.3 ovr=0 ph=0 esc=0
TELEM t=29435 lin=0.145 ang=-0.009 L=0.06 R=-0.06 pan=90 rng=2.22 gz=1.948 yaw=9.6 ovr=0 ph=0 esc=0
TELEM t=29701 lin=0.145 ang=-0.009 L=0.06 R=-0.06 pan=90 rng=2.31 gz=1.592 yaw=8.3 ovr=0 ph=0 esc=0
TELEM t=29968 lin=0.145 ang=-0.009 L=0.06 R=-0.06 pan=78 rng=2.24 gz=2.160 yaw=11.3 ovr=0 ph=0 esc=0
TELEM t=30208 lin=0.145 ang=-0.009 L=-0.13 R=0.13 pan=66 rng=2.24 gz=-1.478 yaw=-10.1 ovr=0 ph=0 esc=0
TELEM t=30448 lin=0.145 ang=-0.009 L=-0.12 R=0.12 pan=65 rng=1.07 gz=-2.161 yaw=-8.1 ovr=0 ph=0 esc=0
TELEM t=30695 lin=0.145 ang=-0.009 L=-0.16 R=0.16 pan=83 rng=1.07 gz=-2.505 yaw=-7.2 ovr=0 ph=0 esc=0
TELEM t=30935 lin=0.145 ang=-0.009 L=0.05 R=-0.05 pan=90 rng=2.45 gz=-2.099 yaw=-2.4 ovr=0 ph=0 esc=0
TELEM t=31196 lin=0.145 ang=-0.009 L=-0.18 R=0.18 pan=90 rng=1.07 gz=1.408 yaw=-8.6 ovr=0 ph=0 esc=0
TELEM t=31455 lin=0.145 ang=-0.009 L=0.18 R=-0.18 pan=90 rng=2.28 gz=-1.500 yaw=2.8 ovr=0 ph=0 esc=0
TELEM t=31715 lin=0.145 ang=-0.009 L=-0.12 R=0.15 pan=90 rng=1.07 gz=2.801 yaw=-0.0 ovr=0 ph=0 esc=0
TELEM t=31970 lin=0.145 ang=-0.009 L=0.27 R=-0.27 pan=90 rng=1.58 gz=-2.431 yaw=5.4 ovr=0 ph=0 esc=0
TELEM t=32226 lin=0.145 ang=-0.009 L=-0.18 R=0.18 pan=90 rng=1.08 gz=3.353 yaw=0.1 ovr=0 ph=0 esc=0
TELEM t=32481 lin=0.155 ang=0.013 L=0.30 R=-0.30 pan=90 rng=1.57 gz=-2.790 yaw=5.2 ovr=0 ph=0 esc=0
TELEM t=32736 lin=0.155 ang=0.013 L=-0.19 R=0.28 pan=90 rng=1.06 gz=3.467 yaw=-2.5 ovr=0 ph=0 esc=0
TELEM t=32991 lin=0.155 ang=0.013 L=0.31 R=-0.31 pan=90 rng=1.49 gz=-3.413 yaw=5.6 ovr=0 ph=0 esc=0
TELEM t=33246 lin=0.155 ang=0.013 L=-0.31 R=0.31 pan=90 rng=1.05 gz=3.432 yaw=-4.6 ovr=0 ph=0 esc=0
TELEM t=33501 lin=0.155 ang=0.013 L=0.31 R=-0.31 pan=90 rng=1.64 gz=-3.451 yaw=4.6 ovr=0 ph=0 esc=0
TELEM t=33767 lin=0.155 ang=0.013 L=-0.31 R=0.31 pan=90 rng=1.06 gz=2.736 yaw=-6.5 ovr=0 ph=0 esc=0
TELEM t=34037 lin=0.000 ang=0.000 L=0.00 R=0.00 pan=90 rng=1.55 gz=0.841 yaw=-6.5 ovr=0 ph=0 esc=0
TELEM t=34295 lin=0.000 ang=0.000 L=0.00 R=0.00 pan=90 rng=1.57 gz=-0.040 yaw=-6.5 ovr=0 ph=0 esc=0
TELEM t=34553 lin=0.000 ang=0.000 L=0.00 R=0.00 pan=90 rng=1.54 gz=-0.040 yaw=-6.5 ovr=0 ph=0 esc=0
TELEM t=34822 lin=0.000 ang=0.000 L=0.00 R=0.00 pan=90 rng=1.55 gz=-0.032 yaw=-6.5 ovr=0 ph=0 esc=0
TELEM t=35056 lin=0.000 ang=0.000 L=0.00 R=0.00 pan=90 rng=1.55 gz=-0.039 yaw=-6.5 ovr=0 ph=0 esc=0
TELEM t=35314 lin=0.000 ang=0.000 L=0.00 R=0.00 pan=90 rng=1.54 gz=-0.031 yaw=-6.5 ovr=0 ph=0 esc=0
TELEM t=35525 lin=0.000 ang=0.000 L=0.00 R=0.00 pan=90 rng=2.26 gz=-0.037 yaw=-6.5 ovr=0 ph=0 esc=0
TELEM t=35727 lin=0.000 ang=0.000 L=0.00 R=0.00 pan=90 rng=1.57 gz=-0.033 yaw=-6.5 ovr=0 ph=0 esc=0
TELEM t=35972 lin=0.000 ang=0.000 L=0.00 R=0.00 pan=90 rng=1.60 gz=-0.036 yaw=-6.5 ovr=0 ph=0 esc=0
TELEM t=36179 lin=0.000 ang=0.000 L=0.00 R=0.00 pan=90 rng=1.56 gz=-0.032 yaw=-6.5 ovr=0 ph=0 esc=0
TELEM t=36388 lin=0.000 ang=0.000 L=0.00 R=0.00 pan=90 rng=1.56 gz=-0.035 yaw=-6.5 ovr=0 ph=0 esc=0
TELEM t=36601 lin=0.000 ang=0.000 L=0.00 R=0.00 pan=90 rng=1.53 gz=-0.037 yaw=-6.5 ovr=0 ph=0 esc=0
TELEM t=36837 lin=0.000 ang=0.000 L=0.00 R=0.00 pan=90 rng=1.54 gz=-0.034 yaw=-6.5 ovr=0 ph=0 esc=0
TELEM t=37074 lin=0.000 ang=0.000 L=0.00 R=0.00 pan=90 rng=1.54 gz=-0.035 yaw=-6.5 ovr=0 ph=0 esc=0
TELEM t=37323 lin=0.000 ang=0.000 L=0.00 R=0.00 pan=90 rng=1.57 gz=-0.035 yaw=-6.5 ovr=0 ph=0 esc=0
TELEM t=37535 lin=0.000 ang=0.000 L=0.00 R=0.00 pan=90 rng=1.58 gz=-0.034 yaw=-6.5 ovr=0 ph=0 esc=0
TELEM t=37785 lin=0.158 ang=0.048 L=0.11 R=0.12 pan=90 rng=1.55 gz=-0.031 yaw=-6.5 ovr=0 ph=0 esc=0
TELEM t=38024 lin=0.158 ang=0.048 L=0.11 R=0.21 pan=102 rng=1.55 gz=0.097 yaw=-5.6 ovr=0 ph=0 esc=0
TELEM t=38275 lin=0.158 ang=0.048 L=0.11 R=0.21 pan=115 rng=1.55 gz=0.304 yaw=-1.5 ovr=0 ph=0 esc=0
TELEM t=38522 lin=0.158 ang=0.048 L=0.11 R=0.21 pan=103 rng=1.17 gz=0.369 yaw=4.5 ovr=0 ph=0 esc=0
TELEM t=38762 lin=0.158 ang=0.048 L=0.11 R=0.21 pan=91 rng=1.17 gz=0.264 yaw=9.6 ovr=0 ph=0 esc=0
TELEM t=38995 lin=0.158 ang=0.048 L=0.11 R=0.21 pan=90 rng=1.00 gz=0.332 yaw=14.6 ovr=0 ph=0 esc=0
TELEM t=39205 lin=0.158 ang=0.048 L=0.11 R=0.21 pan=90 rng=0.88 gz=0.397 yaw=19.6 ovr=0 ph=0 esc=0
TELEM t=39415 lin=0.158 ang=0.048 L=0.11 R=0.21 pan=90 rng=0.82 gz=0.412 yaw=25.2 ovr=0 ph=0 esc=0
TELEM t=39629 lin=0.158 ang=0.048 L=0.11 R=0.21 pan=90 rng=0.75 gz=0.467 yaw=31.0 ovr=0 ph=0 esc=0
TELEM t=39847 lin=0.158 ang=0.048 L=0.11 R=0.21 pan=90 rng=0.69 gz=0.407 yaw=36.3 ovr=0 ph=0 esc=0
TELEM t=40055 lin=0.158 ang=0.048 L=0.11 R=0.21 pan=90 rng=0.59 gz=0.419 yaw=41.4 ovr=0 ph=0 esc=0
TELEM t=40312 lin=0.150 ang=0.065 L=0.09 R=0.21 pan=90 rng=0.51 gz=0.485 yaw=48.6 ovr=0 ph=0 esc=0
TELEM t=40558 lin=0.133 ang=0.065 L=0.07 R=0.20 pan=90 rng=0.43 gz=0.437 yaw=55.0 ovr=0 ph=0 esc=0
TELEM t=40803 lin=0.116 ang=0.065 L=0.06 R=0.17 pan=90 rng=0.35 gz=0.446 yaw=61.4 ovr=0 ph=0 esc=0
TELEM t=41047 lin=0.115 ang=0.056 L=0.06 R=0.17 pan=90 rng=0.28 gz=0.481 yaw=68.6 ovr=0 ph=0 esc=0
TELEM t=41291 lin=0.119 ang=0.056 L=0.06 R=0.17 pan=90 rng=0.30 gz=0.459 yaw=75.2 ovr=0 ph=0 esc=0
TELEM t=41535 lin=0.101 ang=0.056 L=0.06 R=0.14 pan=90 rng=0.22 gz=0.407 yaw=81.2 ovr=0 ph=0 esc=0
TELEM t=41778 lin=0.000 ang=0.000 L=0.00 R=0.00 pan=90 rng=0.13 gz=0.495 yaw=82.9 ovr=0 ph=0 esc=0
TELEM t=42020 lin=0.000 ang=0.000 L=0.00 R=0.00 pan=90 rng=0.16 gz=0.377 yaw=82.9 ovr=0 ph=0 esc=0
TELEM t=42284 lin=0.000 ang=0.000 L=0.00 R=0.00 pan=90 rng=0.14 gz=0.098 yaw=82.9 ovr=0 ph=0 esc=0
TELEM t=42526 lin=0.000 ang=0.000 L=0.00 R=0.00 pan=90 rng=0.15 gz=-0.030 yaw=82.9 ovr=0 ph=0 esc=0
TELEM t=42779 lin=0.000 ang=0.000 L=0.00 R=0.00 pan=90 rng=0.15 gz=-0.036 yaw=82.9 ovr=0 ph=0 esc=0
TELEM t=43021 lin=0.000 ang=0.000 L=0.00 R=0.00 pan=90 rng=0.15 gz=-0.034 yaw=82.9 ovr=0 ph=0 esc=0
TELEM t=43237 lin=0.000 ang=0.000 L=0.00 R=0.00 pan=90 rng=0.15 gz=-0.035 yaw=82.9 ovr=0 ph=0 esc=0
TELEM t=43501 lin=0.000 ang=0.000 L=0.00 R=0.00 pan=90 rng=0.15 gz=-0.035 yaw=82.9 ovr=0 ph=0 esc=0
TELEM t=43719 lin=0.000 ang=0.000 L=0.00 R=0.00 pan=90 rng=0.15 gz=-0.037 yaw=82.9 ovr=0 ph=0 esc=0
TELEM t=43961 lin=0.000 ang=0.000 L=0.00 R=0.00 pan=90 rng=0.15 gz=-0.037 yaw=82.9 ovr=0 ph=0 esc=0
TELEM t=44226 lin=0.000 ang=0.000 L=0.00 R=0.00 pan=90 rng=0.15 gz=-0.033 yaw=82.9 ovr=0 ph=0 esc=0
TELEM t=44479 lin=0.000 ang=0.000 L=0.00 R=0.00 pan=90 rng=0.15 gz=-0.035 yaw=82.9 ovr=0 ph=0 esc=0
TELEM t=44732 lin=0.000 ang=0.000 L=0.00 R=0.00 pan=90 rng=0.15 gz=-0.033 yaw=82.9 ovr=0 ph=0 esc=0
TELEM t=44996 lin=0.000 ang=0.000 L=0.00 R=0.00 pan=90 rng=0.15 gz=-0.033 yaw=82.9 ovr=0 ph=0 esc=0
TELEM t=45238 lin=0.000 ang=0.000 L=0.00 R=0.00 pan=90 rng=0.14 gz=-0.035 yaw=82.9 ovr=0 ph=0 esc=0
TELEM t=45444 lin=0.000 ang=0.000 L=0.00 R=0.00 pan=90 rng=0.14 gz=-0.032 yaw=82.9 ovr=0 ph=0 esc=0
TELEM t=45697 lin=0.064 ang=0.025 L=-0.02 R=0.02 pan=84 rng=0.15 gz=-0.033 yaw=82.9 ovr=0 ph=0 esc=0
TELEM t=45937 lin=0.064 ang=0.025 L=-0.02 R=0.02 pan=72 rng=0.15 gz=-0.038 yaw=82.9 ovr=0 ph=0 esc=0
TELEM t=46177 lin=0.064 ang=0.025 L=-0.02 R=0.02 pan=65 rng=0.15 gz=-0.032 yaw=82.8 ovr=0 ph=0 esc=0
TELEM t=46418 lin=0.204 ang=0.002 L=-0.02 R=0.20 pan=71 rng=0.07 gz=1.726 yaw=94.9 ovr=0 ph=0 esc=0
TELEM t=46658 lin=0.204 ang=0.002 L=0.36 R=0.05 pan=83 rng=0.07 gz=0.522 yaw=121.5 ovr=0 ph=0 esc=0
TELEM t=46898 lin=0.204 ang=0.002 L=0.36 R=0.05 pan=90 rng=0.99 gz=-1.210 yaw=107.0 ovr=0 ph=0 esc=0
TELEM t=47126 lin=0.204 ang=0.002 L=0.20 R=0.21 pan=90 rng=0.82 gz=-1.131 yaw=92.5 ovr=0 ph=0 esc=0
TELEM t=47376 lin=0.204 ang=0.002 L=0.13 R=0.28 pan=90 rng=0.86 gz=-0.030 yaw=93.5 ovr=0 ph=0 esc=0
TELEM t=47626 lin=0.204 ang=0.002 L=0.05 R=0.36 pan=90 rng=0.85 gz=-0.523 yaw=85.8 ovr=0 ph=0 esc=0
TELEM t=47887 lin=0.204 ang=0.002 L=0.05 R=0.36 pan=90 rng=0.92 gz=-0.599 yaw=77.8 ovr=0 ph=0 esc=0
TELEM t=48113 lin=0.204 ang=0.002 L=0.05 R=0.36 pan=90 rng=0.92 gz=-0.521 yaw=71.6 ovr=0 ph=0 esc=0
TELEM t=48375 lin=0.204 ang=0.002 L=0.05 R=0.36 pan=90 rng=0.93 gz=-0.446 yaw=64.4 ovr=0 ph=0 esc=0
TELEM t=48626 lin=0.204 ang=0.002 L=0.05 R=0.36 pan=90 rng=0.93 gz=-0.310 yaw=60.2 ovr=0 ph=0 esc=0
TELEM t=48874 lin=0.120 ang=0.195 L=0.06 R=0.18 pan=90 rng=0.32 gz=-0.320 yaw=56.5 ovr=0 ph=0 esc=0
TELEM t=49129 lin=0.117 ang=0.195 L=0.06 R=0.17 pan=90 rng=0.31 gz=-0.329 yaw=52.1 ovr=0 ph=0 esc=0
TELEM t=49360 lin=0.116 ang=0.195 L=0.06 R=0.17 pan=90 rng=0.31 gz=-0.340 yaw=48.1 ovr=0 ph=0 esc=0
TELEM t=49626 lin=0.113 ang=0.195 L=0.06 R=0.17 pan=90 rng=0.29 gz=-0.330 yaw=43.6 ovr=0 ph=0 esc=0
TELEM t=49868 lin=0.112 ang=0.195 L=0.06 R=0.16 pan=90 rng=0.29 gz=-0.343 yaw=39.6 ovr=0 ph=0 esc=0
TELEM t=50123 lin=0.110 ang=0.195 L=0.06 R=0.16 pan=90 rng=0.28 gz=-0.252 yaw=35.8 ovr=0 ph=0 esc=0
TELEM t=50367 lin=0.109 ang=0.195 L=0.06 R=0.16 pan=90 rng=0.27 gz=-0.272 yaw=32.6 ovr=0 ph=0 esc=0
TELEM t=50611 lin=0.108 ang=0.195 L=0.06 R=0.16 pan=90 rng=0.27 gz=-0.257 yaw=29.1 ovr=0 ph=0 esc=0
TELEM t=50842 lin=0.107 ang=0.195 L=0.06 R=0.15 pan=90 rng=0.26 gz=-0.276 yaw=26.2 ovr=0 ph=0 esc=0
TELEM t=51045 lin=0.105 ang=0.195 L=0.06 R=0.15 pan=90 rng=0.26 gz=-0.306 yaw=23.5 ovr=0 ph=0 esc=0
TELEM t=51251 lin=0.102 ang=0.195 L=0.06 R=0.14 pan=96 rng=0.24 gz=-0.314 yaw=20.2 ovr=0 ph=0 esc=0
TELEM t=51491 lin=0.102 ang=0.195 L=0.06 R=0.14 pan=114 rng=0.24 gz=-0.193 yaw=17.9 ovr=0 ph=0 esc=0
TELEM t=51743 lin=0.105 ang=0.088 L=0.06 R=0.15 pan=109 rng=0.25 gz=-0.278 yaw=15.1 ovr=0 ph=0 esc=0
TELEM t=51983 lin=0.105 ang=0.088 L=0.06 R=0.15 pan=97 rng=0.25 gz=-0.324 yaw=11.2 ovr=0 ph=0 esc=0
TELEM t=52476 lin=0.000 ang=0.000 L=0.00 R=0.00 pan=90 rng=0.22 gz=-0.463 yaw=11.2 ovr=0 ph=0 esc=0
TELEM t=52718 lin=0.000 ang=0.000 L=0.00 R=0.00 pan=90 rng=0.25 gz=-0.019 yaw=11.2 ovr=0 ph=0 esc=0
TELEM t=52960 lin=0.000 ang=0.000 L=0.00 R=0.00 pan=90 rng=0.25 gz=-0.038 yaw=11.2 ovr=0 ph=0 esc=0
TELEM t=53225 lin=0.000 ang=0.000 L=0.00 R=0.00 pan=90 rng=0.25 gz=-0.034 yaw=11.2 ovr=0 ph=0 esc=0
TELEM t=53489 lin=0.000 ang=0.000 L=0.00 R=0.00 pan=90 rng=0.25 gz=-0.037 yaw=11.2 ovr=0 ph=0 esc=0
TELEM t=53754 lin=0.000 ang=0.000 L=0.00 R=0.00 pan=90 rng=0.26 gz=-0.034 yaw=11.2 ovr=0 ph=0 esc=0
TELEM t=54007 lin=0.000 ang=0.000 L=0.00 R=0.00 pan=90 rng=0.26 gz=-0.036 yaw=11.2 ovr=0 ph=0 esc=0
TELEM t=54227 lin=0.000 ang=0.000 L=0.00 R=0.00 pan=90 rng=0.25 gz=-0.039 yaw=11.2 ovr=0 ph=0 esc=0
TELEM t=54458 lin=0.000 ang=0.000 L=0.00 R=0.00 pan=90 rng=0.25 gz=-0.034 yaw=11.2 ovr=0 ph=0 esc=0
TELEM t=54665 lin=0.000 ang=0.000 L=0.00 R=0.00 pan=90 rng=0.26 gz=-0.036 yaw=11.2 ovr=0 ph=0 esc=0
TELEM t=54907 lin=0.000 ang=0.000 L=0.00 R=0.00 pan=90 rng=0.25 gz=-0.033 yaw=11.2 ovr=0 ph=0 esc=0
TELEM t=55160 lin=0.000 ang=0.000 L=0.00 R=0.00 pan=90 rng=0.25 gz=-0.037 yaw=11.2 ovr=0 ph=0 esc=0
TELEM t=55414 lin=0.000 ang=0.000 L=0.00 R=0.00 pan=90 rng=0.25 gz=-0.036 yaw=11.2 ovr=0 ph=0 esc=0
TELEM t=55705 lin=0.000 ang=0.000 L=0.00 R=0.00 pan=90 rng=0.25 gz=-0.035 yaw=11.2 ovr=0 ph=0 esc=0
TELEM t=55926 lin=0.000 ang=0.000 L=0.00 R=0.00 pan=90 rng=0.25 gz=-0.034 yaw=11.2 ovr=0 ph=0 esc=0
TELEM t=56147 lin=0.103 ang=0.096 L=0.06 R=0.15 pan=96 rng=0.26 gz=-0.408 yaw=8.8 ovr=0 ph=0 esc=0
TELEM t=56365 lin=0.103 ang=0.096 L=0.06 R=0.15 pan=108 rng=0.26 gz=-0.126 yaw=7.4 ovr=0 ph=0 esc=0
TELEM t=56583 lin=0.103 ang=0.096 L=0.06 R=0.15 pan=115 rng=0.26 gz=-0.262 yaw=4.9 ovr=0 ph=0 esc=0
TELEM t=56802 lin=0.099 ang=0.092 L=0.06 R=0.14 pan=109 rng=0.23 gz=-0.196 yaw=2.8 ovr=0 ph=0 esc=0
TELEM t=57044 lin=0.000 ang=0.000 L=0.00 R=0.00 pan=90 rng=0.24 gz=-0.034 yaw=2.1 ovr=0 ph=0 esc=0
TELEM t=57252 lin=0.000 ang=0.000 L=0.00 R=0.00 pan=90 rng=0.24 gz=-0.037 yaw=2.1 ovr=0 ph=0 esc=0
TELEM t=57518 lin=0.000 ang=0.000 L=0.00 R=0.00 pan=90 rng=0.24 gz=-0.037 yaw=2.1 ovr=0 ph=0 esc=0
TELEM t=57750 lin=0.000 ang=0.000 L=0.00 R=0.00 pan=90 rng=0.24 gz=-0.034 yaw=2.1 ovr=0 ph=0 esc=0
TELEM t=57992 lin=0.000 ang=0.000 L=0.00 R=0.00 pan=90 rng=0.24 gz=-0.034 yaw=2.1 ovr=0 ph=0 esc=0
TELEM t=58199 lin=0.000 ang=0.000 L=0.00 R=0.00 pan=90 rng=0.24 gz=-0.036 yaw=2.1 ovr=0 ph=0 esc=0
TELEM t=58451 lin=0.000 ang=0.000 L=0.00 R=0.00 pan=90 rng=0.24 gz=-0.032 yaw=2.1 ovr=0 ph=0 esc=0
TELEM t=58692 lin=0.000 ang=0.000 L=0.00 R=0.00 pan=90 rng=0.24 gz=-0.034 yaw=2.1 ovr=0 ph=0 esc=0
TELEM t=58929 lin=0.000 ang=0.000 L=0.00 R=0.00 pan=90 rng=0.24 gz=-0.033 yaw=2.1 ovr=0 ph=0 esc=0
TELEM t=59135 lin=0.000 ang=0.000 L=0.00 R=0.00 pan=90 rng=0.24 gz=-0.038 yaw=2.1 ovr=0 ph=0 esc=0
TELEM t=59400 lin=0.000 ang=0.000 L=0.00 R=0.00 pan=90 rng=0.24 gz=-0.035 yaw=2.1 ovr=0 ph=0 esc=0
TELEM t=59621 lin=0.000 ang=0.000 L=0.00 R=0.00 pan=90 rng=0.24 gz=-0.035 yaw=2.1 ovr=0 ph=0 esc=0
TELEM t=59842 lin=0.000 ang=0.000 L=0.00 R=0.00 pan=90 rng=0.23 gz=-0.035 yaw=2.1 ovr=0 ph=0 esc=0
TELEM t=60063 lin=0.000 ang=0.000 L=0.00 R=0.00 pan=90 rng=0.24 gz=-0.034 yaw=2.1 ovr=0 ph=0 esc=0
TELEM t=60284 lin=0.000 ang=0.000 L=0.00 R=0.00 pan=90 rng=0.24 gz=-0.034 yaw=2.1 ovr=0 ph=0 esc=0
TELEM t=60492 lin=0.000 ang=0.000 L=0.00 R=0.00 pan=90 rng=0.24 gz=-0.036 yaw=2.1 ovr=0 ph=0 esc=0
TELEM t=60734 lin=0.000 ang=0.000 L=0.00 R=0.00 pan=90 rng=0.24 gz=-0.031 yaw=2.1 ovr=0 ph=0 esc=0
TELEM t=60975 lin=0.099 ang=0.092 L=0.06 R=0.14 pan=96 rng=0.24 gz=-0.047 yaw=2.1 ovr=0 ph=0 esc=0
TELEM t=61215 lin=0.107 ang=0.105 L=0.06 R=0.15 pan=108 rng=0.24 gz=-0.237 yaw=-0.7 ovr=0 ph=0 esc=0
TELEM t=61455 lin=0.107 ang=0.105 L=0.06 R=0.15 pan=115 rng=0.24 gz=0.010 yaw=-0.6 ovr=0 ph=0 esc=0
TELEM t=61696 lin=0.178 ang=0.076 L=0.00 R=0.23 pan=109 rng=0.20 gz=1.657 yaw=10.2 ovr=0 ph=0 esc=0
TELEM t=61936 lin=0.178 ang=0.076 L=0.10 R=0.25 pan=97 rng=0.20 gz=1.015 yaw=39.4 ovr=0 ph=0 esc=0
TELEM t=62189 lin=0.000 ang=0.000 L=0.00 R=0.01 pan=0 rng=0.14 gz=0.020 yaw=46.6 ovr=1 ph=2 esc=1
TELEM t=62428 lin=0.000 ang=0.000 L=0.00 R=0.00 pan=0 rng=0.11 gz=-0.033 yaw=46.6 ovr=1 ph=1 esc=1
TELEM t=62668 lin=0.000 ang=0.000 L=0.00 R=0.00 pan=30 rng=0.11 gz=-0.036 yaw=46.6 ovr=1 ph=2 esc=1
TELEM t=62908 lin=0.000 ang=0.000 L=0.00 R=0.00 pan=60 rng=0.16 gz=-0.036 yaw=46.6 ovr=1 ph=2 esc=1
TELEM t=63147 lin=0.000 ang=0.000 L=0.00 R=0.00 pan=60 rng=0.12 gz=-0.035 yaw=46.6 ovr=1 ph=1 esc=1
TELEM t=63399 lin=0.000 ang=0.000 L=0.00 R=0.00 pan=90 rng=0.12 gz=-0.031 yaw=46.6 ovr=1 ph=2 esc=1
TELEM t=63639 lin=0.000 ang=0.000 L=0.00 R=0.00 pan=120 rng=0.12 gz=-0.034 yaw=46.6 ovr=1 ph=2 esc=1
TELEM t=63880 lin=0.000 ang=0.000 L=0.00 R=0.00 pan=120 rng=0.86 gz=-0.031 yaw=46.6 ovr=1 ph=1 esc=1
TELEM t=64125 lin=0.000 ang=0.000 L=0.00 R=0.00 pan=150 rng=0.86 gz=-0.039 yaw=46.6 ovr=1 ph=2 esc=1
TELEM t=64369 lin=0.000 ang=0.000 L=0.00 R=0.00 pan=180 rng=0.82 gz=-0.033 yaw=46.6 ovr=1 ph=2 esc=1
TELEM t=64608 lin=0.000 ang=0.000 L=0.00 R=0.00 pan=180 rng=0.83 gz=-0.036 yaw=46.6 ovr=1 ph=1 esc=1
TELEM t=64853 lin=0.117 ang=-0.220 L=0.17 R=0.06 pan=90 rng=0.83 gz=-0.165 yaw=46.6 ovr=1 ph=4 esc=-1
TELEM t=65103 lin=0.117 ang=-0.220 L=0.17 R=0.06 pan=90 rng=0.83 gz=-0.663 yaw=46.6 ovr=1 ph=4 esc=-1
TELEM t=65351 lin=0.117 ang=-0.220 L=0.17 R=0.06 pan=90 rng=0.83 gz=-0.662 yaw=46.6 ovr=1 ph=4 esc=-1
TELEM t=65601 lin=0.117 ang=-0.220 L=0.17 R=0.06 pan=90 rng=0.83 gz=-0.314 yaw=46.6 ovr=1 ph=4 esc=-1
TELEM t=66092 lin=-0.280 ang=-0.060 L=-0.22 R=-0.34 pan=90 rng=0.12 gz=-0.975 yaw=46.6 ovr=1 ph=3 esc=-1
TELEM t=66331 lin=-0.280 ang=-0.060 L=-0.22 R=-0.34 pan=90 rng=0.12 gz=-0.612 yaw=46.6 ovr=1 ph=3 esc=-1
TELEM t=66570 lin=-0.280 ang=-0.060 L=-0.22 R=-0.34 pan=90 rng=0.12 gz=-0.637 yaw=46.6 ovr=1 ph=3 esc=-1
TELEM t=66809 lin=-0.280 ang=-0.060 L=-0.22 R=-0.34 pan=90 rng=0.12 gz=-0.573 yaw=46.6 ovr=1 ph=3 esc=-1
TELEM t=67048 lin=-0.280 ang=-0.060 L=-0.22 R=-0.34 pan=90 rng=0.12 gz=-0.542 yaw=46.6 ovr=1 ph=4 esc=-1
TELEM t=67298 lin=-0.280 ang=-0.060 L=-0.22 R=-0.34 pan=90 rng=0.12 gz=-0.565 yaw=46.6 ovr=1 ph=3 esc=-1
TELEM t=67537 lin=-0.280 ang=-0.060 L=-0.22 R=-0.34 pan=90 rng=0.12 gz=-0.629 yaw=46.6 ovr=1 ph=3 esc=-1
TELEM t=67788 lin=0.000 ang=0.000 L=0.00 R=0.00 pan=90 rng=0.12 gz=-0.669 yaw=46.6 ovr=0 ph=0 esc=0
TELEM t=68027 lin=0.000 ang=0.000 L=0.00 R=0.00 pan=90 rng=0.12 gz=-0.803 yaw=46.6 ovr=0 ph=0 esc=0
TELEM t=68275 lin=0.000 ang=0.000 L=0.00 R=0.00 pan=90 rng=0.12 gz=-0.740 yaw=46.6 ovr=0 ph=0 esc=0
TELEM t=68502 lin=0.000 ang=0.000 L=0.00 R=0.00 pan=90 rng=0.12 gz=-0.022 yaw=46.6 ovr=0 ph=0 esc=0
TELEM t=68742 lin=0.000 ang=0.000 L=0.00 R=0.00 pan=90 rng=0.12 gz=-0.032 yaw=46.6 ovr=0 ph=0 esc=0
TELEM t=68992 lin=0.000 ang=0.000 L=0.00 R=0.00 pan=90 rng=0.12 gz=-0.033 yaw=46.6 ovr=0 ph=0 esc=0
TELEM t=69252 lin=0.000 ang=0.000 L=0.00 R=0.00 pan=90 rng=1.47 gz=-0.037 yaw=46.6 ovr=0 ph=0 esc=0
TELEM t=69486 lin=0.000 ang=0.000 L=0.00 R=0.00 pan=90 rng=1.17 gz=-0.035 yaw=46.6 ovr=0 ph=0 esc=0
TELEM t=69700 lin=0.000 ang=0.000 L=0.00 R=0.00 pan=90 rng=1.16 gz=-0.033 yaw=46.6 ovr=0 ph=0 esc=0
TELEM t=69941 lin=0.000 ang=0.000 L=0.00 R=0.00 pan=90 rng=1.42 gz=-0.035 yaw=46.6 ovr=0 ph=0 esc=0
TELEM t=70212 lin=0.000 ang=0.000 L=0.00 R=0.00 pan=90 rng=-1.00 gz=-0.036 yaw=46.6 ovr=0 ph=0 esc=0
TELEM t=70416 lin=0.000 ang=0.000 L=0.00 R=0.00 pan=90 rng=1.21 gz=-0.035 yaw=46.6 ovr=0 ph=0 esc=0
TELEM t=70616 lin=0.000 ang=0.000 L=0.00 R=0.00 pan=90 rng=1.50 gz=-0.035 yaw=46.6 ovr=0 ph=0 esc=0
TELEM t=70847 lin=0.000 ang=0.000 L=0.00 R=0.00 pan=90 rng=1.41 gz=-0.037 yaw=46.6 ovr=0 ph=0 esc=0
TELEM t=71124 lin=0.000 ang=0.000 L=0.00 R=0.00 pan=90 rng=1.51 gz=-0.033 yaw=46.6 ovr=0 ph=0 esc=0
TELEM t=71358 lin=0.000 ang=0.000 L=0.00 R=0.00 pan=90 rng=1.19 gz=-0.035 yaw=46.6 ovr=0 ph=0 esc=0
TELEM t=71567 lin=0.161 ang=-0.021 L=0.12 R=0.12 pan=90 rng=1.39 gz=-0.035 yaw=46.6 ovr=0 ph=0 esc=0
TELEM t=71827 lin=0.161 ang=-0.021 L=0.18 R=0.14 pan=90 rng=1.38 gz=-0.648 yaw=40.9 ovr=0 ph=0 esc=0
TELEM t=72093 lin=0.161 ang=-0.021 L=0.18 R=0.14 pan=90 rng=2.06 gz=-0.634 yaw=32.0 ovr=0 ph=0 esc=0
TELEM t=72295 lin=0.161 ang=-0.021 L=0.18 R=0.14 pan=90 rng=2.03 gz=-0.562 yaw=24.9 ovr=0 ph=0 esc=0
TELEM t=72502 lin=0.161 ang=-0.021 L=0.18 R=0.14 pan=90 rng=1.94 gz=-0.494 yaw=19.3 ovr=0 ph=0 esc=0
TELEM t=72702 lin=0.161 ang=-0.021 L=0.18 R=0.14 pan=90 rng=1.90 gz=-0.269 yaw=15.1 ovr=0 ph=0 esc=0
TELEM t=72939 lin=0.161 ang=-0.021 L=0.18 R=0.14 pan=90 rng=1.82 gz=-0.070 yaw=11.3 ovr=0 ph=0 esc=0
TELEM t=73153 lin=0.161 ang=-0.021 L=0.18 R=0.14 pan=90 rng=1.73 gz=-0.046 yaw=10.9 ovr=0 ph=0 esc=0
TELEM t=73424 lin=0.161 ang=-0.021 L=0.18 R=0.14 pan=90 rng=1.66 gz=-0.098 yaw=10.9 ovr=0 ph=0 esc=0
TELEM t=73683 lin=0.161 ang=-0.021 L=0.18 R=0.14 pan=90 rng=1.57 gz=0.023 yaw=11.3 ovr=0 ph=0 esc=0
TELEM t=73952 lin=0.161 ang=-0.021 L=0.18 R=0.14 pan=90 rng=1.45 gz=0.028 yaw=12.2 ovr=0 ph=0 esc=0
TELEM t=74201 lin=0.161 ang=-0.021 L=0.18 R=0.14 pan=90 rng=1.38 gz=0.095 yaw=13.6 ovr=0 ph=0 esc=0
TELEM t=74457 lin=0.161 ang=-0.021 L=0.18 R=0.14 pan=90 rng=1.30 gz=-0.025 yaw=14.6 ovr=0 ph=0 esc=0
TELEM t=74705 lin=0.161 ang=-0.021 L=0.18 R=0.14 pan=90 rng=1.22 gz=0.015 yaw=15.1 ovr=0 ph=0 esc=0
TELEM t=75190 lin=0.161 ang=-0.021 L=0.18 R=0.14 pan=90 rng=1.04 gz=0.027 yaw=16.9 ovr=0 ph=0 esc=0
TELEM t=75396 lin=0.161 ang=-0.021 L=0.18 R=0.14 pan=90 rng=0.99 gz=0.037 yaw=18.2 ovr=0 ph=0 esc=0
TELEM t=75607 lin=0.161 ang=-0.021 L=0.18 R=0.14 pan=90 rng=0.94 gz=0.068 yaw=19.4 ovr=0 ph=0 esc=0
TELEM t=75816 lin=0.161 ang=-0.021 L=0.18 R=0.14 pan=90 rng=0.86 gz=0.099 yaw=21.0 ovr=0 ph=0 esc=0
TELEM t=76077 lin=0.161 ang=-0.021 L=0.18 R=0.14 pan=90 rng=0.77 gz=-0.063 yaw=22.2 ovr=0 ph=0 esc=0
TELEM t=76321 lin=0.161 ang=-0.021 L=0.18 R=0.14 pan=72 rng=0.77 gz=-0.069 yaw=22.7 ovr=0 ph=0 esc=0
TELEM t=76583 lin=0.161 ang=-0.021 L=0.18 R=0.14 pan=65 rng=0.77 gz=0.107 yaw=24.3 ovr=0 ph=0 esc=0
TELEM t=76837 lin=0.161 ang=-0.021 L=0.18 R=0.14 pan=77 rng=0.65 gz=0.110 yaw=26.1 ovr=0 ph=0 esc=0
TELEM t=77077 lin=0.147 ang=0.019 L=0.20 R=-0.20 pan=89 rng=0.65 gz=3.773 yaw=51.9 ovr=0 ph=0 esc=0
TELEM t=77328 lin=0.132 ang=-0.062 L=0.00 R=0.10 pan=90 rng=0.47 gz=2.148 yaw=53.1 ovr=0 ph=0 esc=0
TELEM t=77581 lin=0.147 ang=0.019 L=0.14 R=0.16 pan=90 rng=1.73 gz=-0.026 yaw=62.1 ovr=0 ph=0 esc=0
TELEM t=77841 lin=0.147 ang=0.019 L=0.18 R=0.11 pan=90 rng=1.66 gz=0.010 yaw=62.9 ovr=0 ph=0 esc=0
TELEM t=78100 lin=0.147 ang=0.019 L=0.21 R=0.08 pan=90 rng=1.58 gz=-0.030 yaw=63.5 ovr=0 ph=0 esc=0
TELEM t=78359 lin=0.147 ang=0.019 L=0.21 R=0.09 pan=90 rng=1.51 gz=0.005 yaw=63.4 ovr=0 ph=0 esc=0
TELEM t=78616 lin=0.147 ang=0.019 L=0.24 R=0.05 pan=90 rng=1.42 gz=0.014 yaw=64.1 ovr=0 ph=0 esc=0
TELEM t=78873 lin=0.147 ang=0.019 L=0.27 R=0.02 pan=90 rng=1.34 gz=-0.002 yaw=64.7 ovr=0 ph=0 esc=0
TELEM t=79383 lin=0.000 ang=0.000 L=0.00 R=0.00 pan=90 rng=1.19 gz=-0.101 yaw=61.0 ovr=0 ph=0 esc=0
TELEM t=79636 lin=0.000 ang=0.000 L=0.00 R=0.00 pan=90 rng=1.17 gz=-0.068 yaw=61.0 ovr=0 ph=0 esc=0
TELEM t=79900 lin=0.000 ang=0.000 L=0.00 R=0.00 pan=90 rng=1.18 gz=-0.037 yaw=61.0 ovr=0 ph=0 esc=0
TELEM t=80147 lin=0.000 ang=0.000 L=0.00 R=0.00 pan=90 rng=1.18 gz=-0.035 yaw=61.0 ovr=0 ph=0 esc=0
TELEM t=80400 lin=0.000 ang=0.000 L=0.00 R=0.00 pan=90 rng=1.18 gz=-0.037 yaw=61.0 ovr=0 ph=0 esc=0
TELEM t=80940 lin=0.000 ang=0.000 L=0.00 R=0.00 pan=90 rng=1.19 gz=-0.035 yaw=61.0 ovr=0 ph=0 esc=0
TELEM t=81148 lin=0.000 ang=0.000 L=0.00 R=0.00 pan=90 rng=1.20 gz=-0.036 yaw=61.0 ovr=0 ph=0 esc=0
TELEM t=81408 lin=0.000 ang=0.000 L=0.00 R=0.00 pan=90 rng=1.20 gz=-0.034 yaw=61.0 ovr=0 ph=0 esc=0
TELEM t=81620 lin=0.000 ang=0.000 L=0.00 R=0.00 pan=90 rng=1.19 gz=-0.036 yaw=61.0 ovr=0 ph=0 esc=0
TELEM t=81861 lin=0.000 ang=0.000 L=0.00 R=0.00 pan=90 rng=1.18 gz=-0.033 yaw=61.0 ovr=0 ph=0 esc=0
TELEM t=82126 lin=0.000 ang=0.000 L=0.00 R=0.00 pan=90 rng=1.19 gz=-0.037 yaw=61.0 ovr=0 ph=0 esc=0
TELEM t=82380 lin=0.000 ang=0.000 L=0.00 R=0.00 pan=90 rng=1.18 gz=-0.033 yaw=61.0 ovr=0 ph=0 esc=0
TELEM t=82645 lin=0.000 ang=0.000 L=0.00 R=0.00 pan=90 rng=1.18 gz=-0.034 yaw=61.0 ovr=0 ph=0 esc=0
TELEM t=82910 lin=0.000 ang=0.000 L=0.00 R=0.00 pan=90 rng=1.19 gz=-0.034 yaw=61.0 ovr=0 ph=0 esc=0
TELEM t=83175 lin=0.205 ang=0.079 L=0.13 R=0.28 pan=102 rng=1.19 gz=-0.190 yaw=60.1 ovr=0 ph=0 esc=0
TELEM t=83438 lin=0.205 ang=0.079 L=0.13 R=0.28 pan=115 rng=1.19 gz=0.767 yaw=71.3 ovr=0 ph=0 esc=0
TELEM t=83673 lin=0.205 ang=0.079 L=0.13 R=0.28 pan=109 rng=-1.00 gz=0.910 yaw=83.6 ovr=0 ph=0 esc=0
TELEM t=83924 lin=0.205 ang=0.079 L=0.13 R=0.28 pan=91 rng=-1.00 gz=0.938 yaw=97.0 ovr=0 ph=0 esc=0
TELEM t=84171 lin=0.205 ang=0.079 L=0.13 R=0.28 pan=90 rng=1.88 gz=0.996 yaw=111.0 ovr=0 ph=0 esc=0
TELEM t=84442 lin=0.205 ang=0.079 L=0.13 R=0.28 pan=90 rng=1.28 gz=1.030 yaw=127.4 ovr=0 ph=0 esc=0
TELEM t=84709 lin=0.205 ang=0.079 L=0.13 R=0.28 pan=90 rng=1.13 gz=1.013 yaw=143.1 ovr=0 ph=0 esc=0
TELEM t=84921 lin=0.205 ang=0.079 L=0.13 R=0.28 pan=90 rng=1.07 gz=1.192 yaw=156.6 ovr=0 ph=0 esc=0
TELEM t=85139 lin=0.205 ang=0.079 L=0.13 R=0.28 pan=90 rng=1.10 gz=1.130 yaw=171.0 ovr=0 ph=0 esc=0
TELEM t=85446 lin=0.205 ang=0.079 L=0.13 R=0.28 pan=90 rng=1.01 gz=1.120 yaw=191.3 ovr=0 ph=0 esc=0
TELEM t=85676 lin=0.205 ang=0.079 L=0.13 R=0.28 pan=90 rng=0.89 gz=1.169 yaw=207.2 ovr=0 ph=0 esc=0
TELEM t=85882 lin=0.205 ang=0.079 L=0.13 R=0.28 pan=90 rng=1.09 gz=0.984 yaw=220.0 ovr=0 ph=0 esc=0
TELEM t=86126 lin=0.208 ang=0.072 L=0.14 R=0.28 pan=90 rng=2.30 gz=1.106 yaw=236.2 ovr=0 ph=0 esc=0
TELEM t=86398 lin=0.208 ang=0.072 L=0.14 R=0.28 pan=90 rng=2.18 gz=1.024 yaw=252.8 ovr=0 ph=0 esc=0
TELEM t=86669 lin=0.208 ang=0.072 L=0.14 R=0.28 pan=90 rng=1.28 gz=0.961 yaw=269.2 ovr=0 ph=0 esc=0
TELEM t=86935 lin=0.208 ang=0.072 L=0.14 R=0.28 pan=90 rng=1.12 gz=0.993 yaw=284.2 ovr=0 ph=0 esc=0
TELEM t=87140 lin=0.208 ang=0.072 L=0.14 R=0.28 pan=90 rng=0.80 gz=0.933 yaw=295.7 ovr=0 ph=0 esc=0
TELEM t=87387 lin=0.208 ang=0.072 L=0.14 R=0.28 pan=90 rng=0.72 gz=0.964 yaw=308.6 ovr=0 ph=0 esc=0
TELEM t=87634 lin=0.208 ang=0.072 L=0.14 R=0.28 pan=90 rng=0.57 gz=0.957 yaw=322.3 ovr=0 ph=0 esc=0
TELEM t=87859 lin=0.193 ang=-0.009 L=0.32 R=0.08 pan=90 rng=0.49 gz=0.822 yaw=334.4 ovr=0 ph=0 esc=0
TELEM t=88082 lin=0.168 ang=-0.009 L=0.32 R=0.01 pan=90 rng=0.40 gz=-0.272 yaw=334.9 ovr=0 ph=0 esc=0
TELEM t=88305 lin=0.148 ang=-0.009 L=0.14 R=0.17 pan=90 rng=0.32 gz=-0.709 yaw=326.6 ovr=0 ph=0 esc=0
TELEM t=88526 lin=0.128 ang=-0.009 L=0.17 R=-0.17 pan=90 rng=0.25 gz=3.634 yaw=346.7 ovr=0 ph=0 esc=0
TELEM t=88747 lin=0.130 ang=-0.009 L=-0.17 R=0.17 pan=90 rng=0.26 gz=-3.401 yaw=314.6 ovr=0 ph=0 esc=0
TELEM t=88968 lin=0.128 ang=-0.009 L=0.10 R=-0.10 pan=90 rng=0.25 gz=2.785 yaw=346.3 ovr=0 ph=0 esc=0
TELEM t=89189 lin=0.129 ang=-0.009 L=-0.10 R=0.10 pan=90 rng=0.25 gz=-2.667 yaw=320.0 ovr=0 ph=0 esc=0
TELEM t=89409 lin=0.129 ang=-0.009 L=0.06 R=-0.06 pan=78 rng=0.25 gz=0.787 yaw=335.8 ovr=0 ph=0 esc=0
TELEM t=89627 lin=0.129 ang=-0.009 L=-0.06 R=0.06 pan=66 rng=0.25 gz=-0.587 yaw=323.4 ovr=0 ph=0 esc=0
TELEM t=89845 lin=0.129 ang=-0.009 L=0.06 R=-0.06 pan=65 rng=0.25 gz=0.715 yaw=337.6 ovr=0 ph=0 esc=0
TELEM t=90282 lin=0.129 ang=0.072 L=0.06 R=0.20 pan=83 rng=0.26 gz=0.207 yaw=322.9 ovr=0 ph=0 esc=0
TELEM t=90514 lin=0.208 ang=0.072 L=0.14 R=0.28 pan=90 rng=0.17 gz=0.547 yaw=328.2 ovr=0 ph=1 esc=0
TELEM t=90719 lin=0.000 ang=0.000 L=0.00 R=0.00 pan=0 rng=0.17 gz=0.776 yaw=328.2 ovr=1 ph=2 esc=-1
TELEM t=91215 lin=0.000 ang=0.000 L=0.00 R=0.00 pan=30 rng=0.96 gz=0.437 yaw=328.2 ovr=1 ph=2 esc=-1
TELEM t=91476 lin=0.000 ang=0.000 L=0.00 R=0.00 pan=60 rng=0.05 gz=-0.094 yaw=328.2 ovr=1 ph=2 esc=-1
TELEM t=91715 lin=0.000 ang=0.000 L=0.00 R=0.00 pan=90 rng=0.04 gz=-0.041 yaw=328.2 ovr=1 ph=2 esc=-1
TELEM t=91954 lin=0.000 ang=0.000 L=0.00 R=0.00 pan=90 rng=0.04 gz=-0.033 yaw=328.2 ovr=1 ph=1 esc=-1
TELEM t=92205 lin=0.000 ang=0.000 L=0.00 R=0.00 pan=120 rng=0.04 gz=-0.039 yaw=328.2 ovr=1 ph=2 esc=-1
TELEM t=92445 lin=0.000 ang=0.000 L=0.00 R=0.00 pan=150 rng=0.18 gz=-0.037 yaw=328.2 ovr=1 ph=2 esc=-1
TELEM t=92695 lin=0.000 ang=0.000 L=0.00 R=0.00 pan=150 rng=0.17 gz=-0.039 yaw=328.2 ovr=1 ph=1 esc=-1
TELEM t=92957 lin=0.000 ang=0.000 L=0.00 R=0.00 pan=180 rng=0.17 gz=-0.026 yaw=328.2 ovr=1 ph=2 esc=-1
TELEM t=93208 lin=-0.280 ang=0.060 L=-0.24 R=-0.22 pan=90 rng=0.18 gz=-0.047 yaw=328.2 ovr=1 ph=3 esc=1
TELEM t=93447 lin=-0.280 ang=0.060 L=-0.34 R=-0.22 pan=90 rng=0.18 gz=0.681 yaw=328.2 ovr=1 ph=3 esc=1
TELEM t=93684 lin=-0.280 ang=0.060 L=-0.34 R=-0.22 pan=90 rng=0.18 gz=0.617 yaw=328.2 ovr=1 ph=4 esc=1
TELEM t=93924 lin=-0.280 ang=0.060 L=-0.34 R=-0.22 pan=90 rng=0.18 gz=0.618 yaw=328.2 ovr=1 ph=3 esc=1
TELEM t=94163 lin=-0.280 ang=0.060 L=-0.34 R=-0.22 pan=90 rng=0.18 gz=0.519 yaw=328.2 ovr=1 ph=3 esc=1
TELEM t=94402 lin=-0.280 ang=0.060 L=-0.34 R=-0.22 pan=90 rng=0.18 gz=0.520 yaw=328.2 ovr=1 ph=3 esc=1
TELEM t=94641 lin=-0.280 ang=0.060 L=-0.34 R=-0.22 pan=90 rng=0.18 gz=0.421 yaw=328.2 ovr=1 ph=3 esc=1
TELEM t=94880 lin=-0.280 ang=0.060 L=-0.34 R=-0.22 pan=90 rng=0.18 gz=0.524 yaw=328.2 ovr=1 ph=4 esc=1
TELEM t=95120 lin=-0.280 ang=0.060 L=-0.34 R=-0.22 pan=90 rng=0.18 gz=0.549 yaw=328.2 ovr=1 ph=3 esc=1
TELEM t=95370 lin=-0.280 ang=0.060 L=-0.34 R=-0.22 pan=90 rng=0.18 gz=0.516 yaw=328.2 ovr=1 ph=3 esc=1
TELEM t=95609 lin=-0.280 ang=0.060 L=-0.34 R=-0.22 pan=90 rng=0.18 gz=0.522 yaw=328.2 ovr=1 ph=3 esc=1
TELEM t=95835 lin=-0.280 ang=0.060 L=-0.34 R=-0.22 pan=90 rng=0.18 gz=0.505 yaw=328.2 ovr=1 ph=3 esc=1
TELEM t=96118 lin=-0.280 ang=0.060 L=-0.34 R=-0.22 pan=90 rng=0.18 gz=0.399 yaw=328.2 ovr=1 ph=4 esc=1
TELEM t=96357 lin=-0.280 ang=0.060 L=-0.34 R=-0.22 pan=90 rng=0.18 gz=0.469 yaw=328.2 ovr=1 ph=3 esc=1
TELEM t=96801 lin=0.000 ang=0.000 L=0.00 R=0.00 pan=90 rng=0.18 gz=0.460 yaw=328.2 ovr=0 ph=0 esc=0
TELEM t=97040 lin=0.000 ang=0.000 L=0.00 R=0.00 pan=90 rng=0.18 gz=0.201 yaw=328.2 ovr=0 ph=0 esc=0
TELEM t=97301 lin=0.000 ang=0.000 L=0.00 R=0.00 pan=90 rng=0.18 gz=-0.063 yaw=328.2 ovr=0 ph=0 esc=0
TELEM t=97573 lin=0.000 ang=0.000 L=0.00 R=0.00 pan=90 rng=0.18 gz=-0.015 yaw=328.2 ovr=0 ph=0 esc=0
TELEM t=97834 lin=0.000 ang=0.000 L=0.00 R=0.00 pan=90 rng=0.18 gz=-0.037 yaw=328.2 ovr=0 ph=0 esc=0
TELEM t=98095 lin=0.000 ang=0.000 L=0.00 R=0.00 pan=90 rng=0.18 gz=-0.036 yaw=328.2 ovr=0 ph=0 esc=0
TELEM t=98322 lin=0.000 ang=0.000 L=0.00 R=0.00 pan=90 rng=1.61 gz=-0.034 yaw=328.2 ovr=0 ph=0 esc=0
TELEM t=98559 lin=0.000 ang=0.000 L=0.00 R=0.00 pan=90 rng=1.66 gz=-0.033 yaw=328.2 ovr=0 ph=0 esc=0
TELEM t=98771 lin=0.000 ang=0.000 L=0.00 R=0.00 pan=90 rng=1.57 gz=-0.035 yaw=328.2 ovr=0 ph=0 esc=0
TELEM t=99032 lin=0.000 ang=0.000 L=0.00 R=0.00 pan=90 rng=1.46 gz=-0.035 yaw=328.2 ovr=0 ph=0 esc=0
TELEM t=99238 lin=0.000 ang=0.000 L=0.00 R=0.00 pan=90 rng=1.45 gz=-0.035 yaw=328.2 ovr=0 ph=0 esc=0
TELEM t=99441 lin=0.000 ang=0.000 L=0.00 R=0.00 pan=90 rng=1.84 gz=-0.037 yaw=328.2 ovr=0 ph=0 esc=0
TELEM t=99677 lin=0.000 ang=0.000 L=0.00 R=0.00 pan=90 rng=1.77 gz=-0.033 yaw=328.2 ovr=0 ph=0 esc=0
TELEM t=99937 lin=0.000 ang=0.000 L=0.00 R=0.00 pan=90 rng=1.59 gz=-0.036 yaw=328.2 ovr=0 ph=0 esc=0
TELEM t=100148 lin=0.000 ang=0.000 L=0.00 R=0.00 pan=90 rng=1.57 gz=-0.034 yaw=328.2 ovr=0 ph=0 esc=0
TELEM t=100358 lin=0.000 ang=0.000 L=0.00 R=0.00 pan=90 rng=1.60 gz=-0.036 yaw=328.2 ovr=0 ph=0 esc=0
TELEM t=100628 lin=0.000 ang=0.000 L=0.00 R=0.00 pan=90 rng=1.59 gz=-0.036 yaw=328.2 ovr=0 ph=0 esc=0
TELEM t=100898 lin=0.175 ang=0.002 L=0.11 R=0.24 pan=90 rng=1.57 gz=-0.227 yaw=326.9 ovr=0 ph=0 esc=0
TELEM t=101156 lin=0.175 ang=0.002 L=0.11 R=0.24 pan=90 rng=1.62 gz=-0.789 yaw=326.2 ovr=0 ph=0 esc=0
TELEM t=101415 lin=0.175 ang=0.002 L=0.18 R=0.17 pan=90 rng=1.68 gz=0.835 yaw=329.7 ovr=0 ph=0 esc=0
TELEM t=101673 lin=0.175 ang=0.002 L=0.33 R=0.02 pan=90 rng=1.50 gz=-0.548 yaw=331.1 ovr=0 ph=0 esc=0
TELEM t=101941 lin=0.175 ang=0.002 L=0.02 R=0.33 pan=90 rng=1.45 gz=-0.274 yaw=324.5 ovr=0 ph=0 esc=0
TELEM t=102198 lin=0.175 ang=0.002 L=0.33 R=0.02 pan=90 rng=1.37 gz=0.553 yaw=333.1 ovr=0 ph=0 esc=0
TELEM t=102453 lin=0.175 ang=0.002 L=0.13 R=0.22 pan=90 rng=1.12 gz=-0.484 yaw=327.3 ovr=0 ph=0 esc=0
TELEM t=102707 lin=0.000 ang=0.000 L=0.00 R=0.00 pan=90 rng=1.11 gz=0.494 yaw=325.9 ovr=0 ph=0 esc=0
TELEM t=103210 lin=0.000 ang=0.000 L=0.00 R=0.00 pan=90 rng=0.84 gz=0.740 yaw=325.9 ovr=0 ph=0 esc=0
TELEM t=103471 lin=0.000 ang=0.000 L=0.00 R=0.00 pan=90 rng=0.82 gz=-0.118 yaw=325.9 ovr=0 ph=0 esc=0
TELEM t=103732 lin=0.000 ang=0.000 L=0.00 R=0.00 pan=90 rng=0.84 gz=-0.041 yaw=325.9 ovr=0 ph=0 esc=0
TELEM t=103982 lin=0.000 ang=0.000 L=0.00 R=0.00 pan=90 rng=0.83 gz=-0.036 yaw=325.9 ovr=0 ph=0 esc=0
TELEM t=104219 lin=0.000 ang=0.000 L=0.00 R=0.00 pan=90 rng=0.83 gz=-0.037 yaw=325.9 ovr=0 ph=0 esc=0
TELEM t=104491 lin=0.000 ang=0.000 L=0.00 R=0.00 pan=90 rng=0.83 gz=-0.034 yaw=325.9 ovr=0 ph=0 esc=0
TELEM t=104752 lin=0.000 ang=0.000 L=0.00 R=0.00 pan=90 rng=0.82 gz=-0.036 yaw=325.9 ovr=0 ph=0 esc=0
TELEM t=105013 lin=0.000 ang=0.000 L=0.00 R=0.00 pan=90 rng=0.82 gz=-0.031 yaw=325.9 ovr=0 ph=0 esc=0
TELEM t=105217 lin=0.000 ang=0.000 L=0.00 R=0.00 pan=90 rng=0.84 gz=-0.033 yaw=325.9 ovr=0 ph=0 esc=0
TELEM t=105468 lin=0.000 ang=0.000 L=0.00 R=0.00 pan=90 rng=0.82 gz=-0.034 yaw=325.9 ovr=0 ph=0 esc=0
TELEM t=105713 lin=0.000 ang=0.000 L=0.00 R=0.00 pan=90 rng=0.82 gz=-0.031 yaw=325.9 ovr=0 ph=0 esc=0
TELEM t=105993 lin=0.000 ang=0.000 L=0.00 R=0.00 pan=90 rng=0.84 gz=-0.037 yaw=325.9 ovr=0 ph=0 esc=0
TELEM t=106232 lin=0.000 ang=0.000 L=0.00 R=0.00 pan=90 rng=0.83 gz=-0.033 yaw=325.9 ovr=0 ph=0 esc=0
TELEM t=106436 lin=0.000 ang=0.000 L=0.00 R=0.00 pan=90 rng=0.83 gz=-0.037 yaw=325.9 ovr=0 ph=0 esc=0
TELEM t=106686 lin=0.207 ang=-0.044 L=0.12 R=0.12 pan=90 rng=0.82 gz=-0.035 yaw=325.9 ovr=0 ph=0 esc=0
TELEM t=106925 lin=0.207 ang=-0.044 L=0.25 R=0.16 pan=102 rng=0.82 gz=-0.549 yaw=321.0 ovr=0 ph=0 esc=0
TELEM t=107165 lin=0.207 ang=-0.044 L=0.25 R=0.16 pan=114 rng=0.82 gz=-0.606 yaw=313.8 ovr=0 ph=0 esc=0
TELEM t=107421 lin=0.207 ang=-0.044 L=0.25 R=0.16 pan=109 rng=0.68 gz=-0.336 yaw=307.9 ovr=0 ph=0 esc=0
TELEM t=107626 lin=0.207 ang=-0.044 L=0.25 R=0.16 pan=97 rng=0.68 gz=-0.288 yaw=304.8 ovr=0 ph=0 esc=0
TELEM t=107866 lin=0.207 ang=-0.044 L=0.25 R=0.16 pan=90 rng=0.85 gz=-0.159 yaw=302.7 ovr=0 ph=0 esc=0
TELEM t=108105 lin=0.000 ang=0.000 L=0.00 R=0.00 pan=90 rng=0.82 gz=-0.180 yaw=302.3 ovr=0 ph=0 esc=0
TELEM t=108311 lin=0.000 ang=0.000 L=0.00 R=0.00 pan=90 rng=1.37 gz=0.171 yaw=302.3 ovr=0 ph=0 esc=0
TELEM t=108536 lin=0.000 ang=0.000 L=0.00 R=0.00 pan=90 rng=1.38 gz=0.266 yaw=302.3 ovr=0 ph=0 esc=0
TELEM t=108757 lin=0.000 ang=0.000 L=0.00 R=0.00 pan=90 rng=1.35 gz=-0.171 yaw=302.3 ovr=0 ph=0 esc=0
TELEM t=108991 lin=0.000 ang=0.000 L=0.00 R=0.00 pan=90 rng=1.32 gz=-0.043 yaw=302.3 ovr=0 ph=0 esc=0
TELEM t=109204 lin=0.000 ang=0.000 L=0.00 R=0.00 pan=90 rng=1.34 gz=-0.007 yaw=302.3 ovr=0 ph=0 esc=0
TELEM t=109471 lin=0.000 ang=0.000 L=0.00 R=0.00 pan=90 rng=1.32 gz=-0.028 yaw=302.3 ovr=0 ph=0 esc=0
TELEM t=109888 lin=0.000 ang=0.000 L=0.00 R=0.00 pan=90 rng=1.39 gz=-0.032 yaw=302.3 ovr=0 ph=0 esc=0
TELEM t=110144 lin=0.000 ang=0.000 L=0.00 R=0.00 pan=90 rng=1.35 gz=-0.033 yaw=302.3 ovr=0 ph=0 esc=0
TELEM t=110344 lin=0.000 ang=0.000 L=0.00 R=0.00 pan=90 rng=0.46 gz=-0.035 yaw=302.3 ovr=0 ph=0 esc=0
TELEM t=110551 lin=0.000 ang=0.000 L=0.00 R=0.00 pan=90 rng=1.38 gz=-0.037 yaw=302.3 ovr=0 ph=0 esc=0
TELEM t=110752 lin=0.000 ang=0.000 L=0.00 R=0.00 pan=90 rng=1.32 gz=-0.035 yaw=302.3 ovr=0 ph=0 esc=0
TELEM t=110994 lin=0.000 ang=0.000 L=0.00 R=0.00 pan=90 rng=1.32 gz=-0.035 yaw=302.3 ovr=0 ph=0 esc=0
TELEM t=111479 lin=0.000 ang=0.000 L=0.00 R=0.00 pan=90 rng=1.33 gz=-0.035 yaw=302.3 ovr=0 ph=0 esc=0
TELEM t=111713 lin=0.000 ang=0.000 L=0.00 R=0.00 pan=90 rng=1.34 gz=-0.034 yaw=302.3 ovr=0 ph=0 esc=0
TELEM t=111961 lin=0.000 ang=0.000 L=0.00 R=0.00 pan=90 rng=1.35 gz=-0.035 yaw=302.3 ovr=0 ph=0 esc=0
TELEM t=112221 lin=0.219 ang=0.076 L=0.14 R=0.29 pan=78 rng=1.35 gz=0.516 yaw=304.9 ovr=0 ph=0 esc=0
TELEM t=112483 lin=0.219 ang=0.076 L=0.14 R=0.29 pan=65 rng=1.35 gz=0.685 yaw=315.6 ovr=0 ph=0 esc=0
TELEM t=112748 lin=0.219 ang=0.076 L=0.14 R=0.29 pan=71 rng=0.57 gz=0.816 yaw=328.2 ovr=0 ph=0 esc=0
TELEM t=113193 lin=0.053 ang=0.103 L=-0.17 R=0.17 pan=90 rng=0.05 gz=0.785 yaw=350.1 ovr=0 ph=0 esc=0
TELEM t=113408 lin=0.062 ang=0.103 L=-0.10 R=0.10 pan=90 rng=0.10 gz=2.898 yaw=391.9 ovr=0 ph=0 esc=0
TELEM t=113615 lin=0.185 ang=0.095 L=0.09 R=0.28 pan=90 rng=0.43 gz=3.314 yaw=429.4 ovr=0 ph=0 esc=0
TELEM t=113868 lin=0.219 ang=0.076 L=0.14 R=0.29 pan=90 rng=1.47 gz=0.855 yaw=444.2 ovr=0 ph=0 esc=0
TELEM t=114129 lin=0.219 ang=0.076 L=0.14 R=0.29 pan=90 rng=1.43 gz=0.898 yaw=458.3 ovr=0 ph=0 esc=0
TELEM t=114372 lin=0.219 ang=0.076 L=0.14 R=0.29 pan=90 rng=1.74 gz=0.960 yaw=472.1 ovr=0 ph=0 esc=0
TELEM t=114632 lin=0.219 ang=0.076 L=0.14 R=0.29 pan=90 rng=1.62 gz=1.011 yaw=487.5 ovr=0 ph=0 esc=0
TELEM t=114868 lin=0.219 ang=0.076 L=0.14 R=0.29 pan=90 rng=1.77 gz=1.046 yaw=502.0 ovr=0 ph=0 esc=0
TELEM t=115084 lin=0.219 ang=0.076 L=0.14 R=0.29 pan=90 rng=1.99 gz=1.015 yaw=515.0 ovr=0 ph=0 esc=0
TELEM t=115341 lin=0.167 ang=0.036 L=0.13 R=0.20 pan=90 rng=1.27 gz=1.035 yaw=531.2 ovr=0 ph=0 esc=0
TELEM t=115595 lin=0.167 ang=0.036 L=0.13 R=0.20 pan=90 rng=1.16 gz=0.931 yaw=545.4 ovr=0 ph=0 esc=0
TELEM t=115847 lin=0.167 ang=0.036 L=0.13 R=0.20 pan=90 rng=1.05 gz=0.905 yaw=559.0 ovr=0 ph=0 esc=0
